2026-09-03T18:12:26Z waiting for targeted_development_v1.cumulative1212.yaml resolved=967/1212
2026-09-03T18:17:26Z waiting for targeted_development_v1.cumulative1212.yaml resolved=986/1212
2026-09-03T18:22:26Z waiting for targeted_development_v1.cumulative1212.yaml resolved=986/1212
2026-09-03T18:27:26Z waiting for targeted_development_v1.cumulative1212.yaml resolved=986/1212
2026-09-03T18:32:26Z waiting for targeted_development_v1.cumulative1212.yaml resolved=994/1212
2026-09-03T18:37:26Z waiting for targeted_development_v1.cumulative1212.yaml resolved=994/1212
2026-09-03T18:42:26Z waiting for targeted_development_v1.cumulative1212.yaml resolved=994/1212
2026-09-03T18:47:26Z waiting for targeted_development_v1.cumulative1212.yaml resolved=1005/1212
2026-09-03T18:52:26Z waiting for targeted_development_v1.cumulative1212.yaml resolved=1005/1212
2026-09-03T18:57:26Z waiting for targeted_development_v1.cumulative1212.yaml resolved=1005/1212
2026-09-03T19:02:26Z waiting for targeted_development_v1.cumulative1212.yaml resolved=1005/1212
2026-09-03T19:07:26Z waiting for targeted_development_v1.cumulative1212.yaml resolved=1005/1212
2026-09-03T19:12:26Z waiting for targeted_development_v1.cumulative1212.yaml resolved=1005/1212
2026-09-03T19:17:26Z waiting for targeted_development_v1.cumulative1212.yaml resolved=1021/1212
2026-09-03T19:22:26Z waiting for targeted_development_v1.cumulative1212.yaml resolved=1021/1212
2026-09-03T19:27:26Z waiting for targeted_development_v1.cumulative1212.yaml resolved=1021/1212
2026-09-03T19:32:26Z waiting for targeted_development_v1.cumulative1212.yaml resolved=1021/1212
2026-09-03T19:37:26Z waiting for targeted_development_v1.cumulative1212.yaml resolved=1021/1212
2026-09-03T19:42:26Z waiting for targeted_development_v1.cumulative1212.yaml resolved=1021/1212
2026-09-03T19:47:26Z waiting for targeted_development_v1.cumulative1212.yaml resolved=1021/1212
2026-09-03T19:52:26Z waiting for targeted_development_v1.cumulative1212.yaml resolved=1040/1212
2026-09-03T19:57:26Z waiting for targeted_development_v1.cumulative1212.yaml resolved=1040/1212
2026-09-03T20:02:26Z waiting for targeted_development_v1.cumulative1212.yaml resolved=1040/1212
2026-09-03T20:07:26Z waiting for targeted_development_v1.cumulative1212.yaml resolved=1040/1212
2026-09-03T20:12:26Z waiting for targeted_development_v1.cumulative1212.yaml resolved=1040/1212
2026-09-03T20:17:26Z waiting for targeted_development_v1.cumulative1212.yaml resolved=1040/1212
2026-09-03T20:22:26Z waiting for targeted_development_v1.cumulative1212.yaml resolved=1057/1212
2026-09-03T20:27:26Z waiting for targeted_development_v1.cumulative1212.yaml resolved=1057/1212
2026-09-03T20:32:26Z waiting for targeted_development_v1.cumulative1212.yaml resolved=1057/1212
2026-09-03T20:37:26Z waiting for targeted_development_v1.cumulative1212.yaml resolved=1057/1212
2026-09-03T20:42:26Z waiting for targeted_development_v1.cumulative1212.yaml resolved=1057/1212
2026-09-03T20:47:26Z waiting for targeted_development_v1.cumulative1212.yaml resolved=1057/1212
2026-09-03T20:52:26Z waiting for targeted_development_v1.cumulative1212.yaml resolved=1079/1212
2026-09-03T20:57:26Z waiting for targeted_development_v1.cumulative1212.yaml resolved=1079/1212
2026-09-03T21:02:26Z waiting for targeted_development_v1.cumulative1212.yaml resolved=1079/1212
2026-09-03T21:07:26Z waiting for targeted_development_v1.cumulative1212.yaml resolved=1079/1212
2026-09-03T21:12:26Z waiting for targeted_development_v1.cumulative1212.yaml resolved=1079/1212
2026-09-03T21:17:26Z waiting for targeted_development_v1.cumulative1212.yaml resolved=1079/1212
2026-09-03T21:22:26Z waiting for targeted_development_v1.cumulative1212.yaml resolved=1104/1212
2026-09-03T21:27:26Z waiting for targeted_development_v1.cumulative1212.yaml resolved=1104/1212
2026-09-03T21:32:26Z waiting for targeted_development_v1.cumulative1212.yaml resolved=1104/1212
2026-09-03T21:37:26Z waiting for targeted_development_v1.cumulative1212.yaml resolved=1104/1212
2026-09-03T21:42:26Z waiting for targeted_development_v1.cumulative1212.yaml resolved=1104/1212
2026-09-03T21:47:26Z waiting for targeted_development_v1.cumulative1212.yaml resolved=1104/1212
2026-09-03T21:52:26Z waiting for targeted_development_v1.cumulative1212.yaml resolved=1127/1212
2026-09-03T21:57:26Z waiting for targeted_development_v1.cumulative1212.yaml resolved=1127/1212
2026-09-03T22:02:26Z waiting for targeted_development_v1.cumulative1212.yaml resolved=1127/1212
2026-09-03T22:07:26Z waiting for targeted_development_v1.cumulative1212.yaml resolved=1127/1212
2026-09-03T22:12:26Z waiting for targeted_development_v1.cumulative1212.yaml resolved=1127/1212
2026-09-03T22:17:26Z waiting for targeted_development_v1.cumulative1212.yaml resolved=1127/1212
2026-09-03T22:22:26Z waiting for targeted_development_v1.cumulative1212.yaml resolved=1151/1212
2026-09-03T22:27:26Z waiting for targeted_development_v1.cumulative1212.yaml resolved=1151/1212
2026-09-03T22:32:26Z waiting for targeted_development_v1.cumulative1212.yaml resolved=1151/1212
2026-09-03T22:37:26Z waiting for targeted_development_v1.cumulative1212.yaml resolved=1151/1212
2026-09-03T22:42:26Z waiting for targeted_development_v1.cumulative1212.yaml resolved=1151/1212
2026-09-03T22:47:26Z waiting for targeted_development_v1.cumulative1212.yaml resolved=1151/1212
2026-09-03T22:52:26Z waiting for targeted_development_v1.cumulative1212.yaml resolved=1177/1212
2026-09-03T22:57:26Z waiting for targeted_development_v1.cumulative1212.yaml resolved=1177/1212
2026-09-03T23:02:26Z waiting for targeted_development_v1.cumulative1212.yaml resolved=1177/1212
2026-09-03T23:07:26Z waiting for targeted_development_v1.cumulative1212.yaml resolved=1177/1212
2026-09-03T23:12:26Z waiting for targeted_development_v1.cumulative1212.yaml resolved=1177/1212
2026-09-03T23:17:26Z waiting for targeted_development_v1.cumulative1212.yaml resolved=1177/1212
2026-09-03T23:22:26Z waiting for targeted_development_v1.cumulative1212.yaml resolved=1199/1212
2026-09-03T23:27:26Z waiting for targeted_development_v1.cumulative1212.yaml resolved=1199/1212
2026-09-03T23:32:26Z waiting for targeted_development_v1.cumulative1212.yaml resolved=1199/1212
2026-09-03T23:37:26Z waiting for targeted_development_v1.cumulative1212.yaml resolved=1209/1212
$ /usr/bin/python3 /home/eao/failure-prediction/scripts/finalize_nonmodel_collection.py targeted
wrote 1212 targeted-development rows to /home/eao/failure-prediction/data/manifests/targeted_development_v1.episodes.jsonl
wrote hash-addressed targeted manifest to /home/eao/failure-prediction/data/manifests/targeted_development_v1.dataset.yaml
TARGETED DATASET VALID: 1,212 unique development episodes; hashes and sidecars agree
RAW PAYLOAD INTEGRITY FAILED: /home/eao/failure-prediction/reports/integrity/raw_payload_integrity.yaml
Traceback (most recent call last):
  File "/home/eao/failure-prediction/scripts/finalize_nonmodel_collection.py", line 125, in <module>
    raise SystemExit(main())
                     ^^^^^^
  File "/home/eao/failure-prediction/scripts/finalize_nonmodel_collection.py", line 114, in main
    subprocess.run([
  File "/usr/lib/python3.12/subprocess.py", line 571, in run
    raise CalledProcessError(retcode, process.args,
subprocess.CalledProcessError: Command '['/usr/bin/python3', '/home/eao/failure-prediction/scripts/audit_raw_artifact_payloads.py']' returned non-zero exit status 1.
Traceback (most recent call last):
  File "/home/eao/failure-prediction/scripts/await_campaign_and_derive.py", line 112, in <module>
    raise SystemExit(main())
                     ^^^^^^
  File "/home/eao/failure-prediction/scripts/await_campaign_and_derive.py", line 62, in main
    run([sys.executable, str(ROOT / "scripts/finalize_nonmodel_collection.py"), args.stage])
  File "/home/eao/failure-prediction/scripts/await_campaign_and_derive.py", line 37, in run
    subprocess.run(command, check=True)
  File "/usr/lib/python3.12/subprocess.py", line 571, in run
    raise CalledProcessError(retcode, process.args,
subprocess.CalledProcessError: Command '['/usr/bin/python3', '/home/eao/failure-prediction/scripts/finalize_nonmodel_collection.py', 'targeted']' returned non-zero exit status 1.
