[1/648] 7577671b-9bc5-4d87-85b7-6450cff3aa7c ok
[2/648] 563ce79d-6420-4ade-b793-24737c71e16c ok
[3/648] c779bd1f-158d-401c-ae6a-606b2fa60660 ok
[4/648] ee17a2ef-175f-44dd-aa97-a100df089d97 ok
[5/648] 658b0634-b00c-4e87-a8d2-ccde343b852f ok
[6/648] a4e45b7d-3f3e-4d1d-aac1-6aba8a92d74a ok
[7/648] e78ac10e-fdea-4866-aa34-6138a3d65d18 ok
[8/648] 92f6b68a-8310-434d-8544-130fbabf4e3f ok
[9/648] 737e2886-541f-4ae4-8370-4880f07107a1 ok
[10/648] 94b14bfb-4bed-4558-9454-2efb499610b5 ok
[11/648] 2c29e7e1-6cc3-4fc6-b7ec-0b8027eeb46b ok
[12/648] 6fddc8ee-3c38-44fa-a6cf-53d21f9d209d ok
[13/648] 7ce8d27a-9091-4958-b3a9-4c623257265c ok
[14/648] dae7a169-4836-4483-b1cf-023b9f6ea71c ok
[15/648] 6b35030c-93c8-41f3-b8ae-9abdf1259235 ok
[16/648] c45b73d2-3cc4-404c-8dca-965d122e2686 ok
[17/648] 5bd3e6e1-aebc-42c5-974e-79473f44f9dc ok
[18/648] d0d86643-824b-42b0-917d-1bf90f20673f ok
[19/648] 7aa3a3d7-42c6-47a4-841a-22198c5b9e63 ok
[20/648] 27a83372-ebb5-4e34-a1f5-6da5e27cd4c4 ok
[21/648] 8f8a933d-4de2-4d3d-b932-9b504700530d ok
[22/648] 068bc139-7a87-48f0-b07b-028372d74304 ok
[23/648] 3435f0c7-2260-4d13-9617-ca833fd1a767 ok
[24/648] c534fe98-5923-418e-a6a1-f5e0e393354c ok
[25/648] 01cde4f6-12d2-4230-a790-eed298834484 ok
[26/648] 672c5727-55f0-4aaa-8372-70addb0be58f ok
[27/648] 35d13523-0b85-437b-9f5f-376b1328f124 ok
[28/648] e4afca03-cff0-4afb-a18d-9e9ad40dbb9c ok
[29/648] 6861a937-077f-46dd-a09d-e1e5ec12fc6c ok
[30/648] d7bbfbc4-83e8-4253-9b07-5542a41299f7 ok
[31/648] f6b0d810-1294-44a1-934b-df015645658b ok
[32/648] 34289889-f7f6-4fcf-b95a-74f8bbdccf63 ok
[33/648] af4775f9-fcea-4d95-8de1-8b34e8a2669d ok
[34/648] e3a5b6a6-653c-4426-974d-f43bbce9801a ok
[35/648] 39ded607-8eb7-43e0-a191-02031b0d2016 ok
[36/648] 8bd82eec-6bcf-4d41-a792-9f90cdff473b ok
[37/648] 863b0d0f-86eb-42b8-a2c9-be58694df7e6 ok
[38/648] 31a5e7f9-cb59-47ea-a574-f1fd1781d699 ok
[39/648] a4b633fb-fbf4-4f8d-bf5b-9e50caa28e81 ok
[40/648] 75ccf15d-0efb-4b96-b81d-eb44290d9005 ok
[41/648] 8a56e074-0498-450e-82b8-893c9a09a08d ok
[42/648] ed3a95c8-d10f-44e2-b213-23d1935b100a ok
[43/648] 9109db1b-506c-43e5-b7f5-283e092e322a ok
[44/648] 975a2ac0-1cb7-4a86-bb98-02869b2f4b9f ok
[45/648] c3c4a65a-b5d7-40ef-889e-e494b229174d ok
[46/648] ab4daf94-8798-4546-8c68-e03cbc01fd96 ok
[47/648] fd50ff6b-5131-4ba0-91ec-cb2771739b0d ok
[48/648] 57706d98-6fc6-4360-830c-a56af6cb43d7 ok
[49/648] 88002e51-85c4-4658-a740-77a764f84240 ok
[50/648] 51db5f4d-6102-4563-a0b0-9419308fedb3 ok
[51/648] 1efbb07b-a5e2-4b71-9f3b-9a3f3e953d95 ok
[52/648] 9b165cfb-8ca3-4413-a66e-f0648a4bf383 ok
[53/648] 2b7d822f-354c-42e9-a930-77bfc973ceaf ok
[54/648] bf5bc972-df0d-4323-87bd-d05c49afd97a ok
[55/648] b3fa5f50-2a71-4cae-9033-51b3a3b10f07 ok
[56/648] 118042f9-b217-47d3-88ab-7de23f893d40 ok
[57/648] c8c3c2bd-c511-4401-ac9a-553f3928cbea ok
[58/648] 4eb3fd4c-8b04-451f-91de-b8f3fdc3a3e0 ok
[59/648] 86856414-2606-4d58-8d4a-29552a9dbc8c ok
[60/648] a8631ee4-98b7-4e4f-8d01-ddf26b9e8a56 ok
[61/648] 246b1d99-f876-4d88-8ecd-d33b0a50c8b3 ok
[62/648] 54e5ad78-e612-462e-b5de-32f1f945d780 ok
[63/648] d219685f-4f26-49f1-85e6-27184ec34f58 ok
[64/648] 3097e7fc-a5ca-4157-a60a-872699dd84fe ok
[65/648] e44e522a-8d93-4318-8678-b83e310f645f ok
[66/648] fecdfe9e-8cef-4011-886e-e35dbcc86875 ok
[67/648] 1ebd1708-85da-414f-b56c-63f859198dc8 ok
[68/648] adc54e89-b2ca-44be-9d40-739b3b309b0f ok
[69/648] 2d70fae0-329c-4705-80f7-36fa4d267d24 ok
[70/648] 5abcbd30-1382-4996-8244-de9d37c6f9a6 ok
[71/648] 1723b9e6-8f68-4c2a-b4dc-64a00f9c555b ok
[72/648] 623e7736-fb9b-47ed-9e45-0f60969b578e ok
[73/648] 01595026-ce95-488b-99a4-21a6b1329671 ok
[74/648] 8882e13b-b5c0-45ed-b6e5-e49a8e9f5bfa ok
[75/648] 16cb2b39-3314-446a-9b69-81c21720cacc ok
[76/648] 644ff35e-bde9-464d-a608-1ae841c15b74 ok
[77/648] 7217463d-d2bb-4c90-8542-e43931fbc785 ok
[78/648] 912a926f-ee05-499d-bd7e-644c8178f1e6 ok
[79/648] dfce9611-146a-43dc-a117-303d54fbe8fd ok
[80/648] 0666abcb-f4e9-4f48-85b4-929966c90ca4 ok
[81/648] 178714cc-d753-40cd-a685-3ad309290e81 ok
[82/648] fec1c578-8c0d-4c11-b634-b922e29d50df ok
[83/648] 13985575-634b-4453-9f03-7388c836e72a ok
[84/648] b205a301-6e49-4c21-abbb-458263c0ed54 ok
[85/648] 9b60af8c-7044-4263-9f9b-19678e3bee73 ok
[86/648] 51c2f3e2-f445-4c39-adb0-e78540d04614 ok
[87/648] c2d615ce-78d6-4556-881f-23218ee3fdcd ok
[88/648] 184f381d-d762-4e3b-9069-d4db073607ea ok
[89/648] 0a02b33e-6cbf-4344-b5a2-52a84b6346ef ok
[90/648] 00410694-3228-4902-88a9-e4c2c2d91225 ok
[91/648] 76668256-e1d3-4c34-84bf-db709c19d33d ok
[92/648] 41d23741-892b-49b0-b394-375689dc14e8 ok
[93/648] 8df6fb55-cc66-48f3-8fe9-8268db00eeb5 ok
[94/648] a61e3415-004a-4a79-bdb7-18b1f351911e ok
[95/648] 5d6da0aa-16c4-4696-b35b-d5f74d2089e2 ok
[96/648] a9a1bfe2-7a64-427c-8a41-94b0624206d1 ok
[97/648] 48686e2d-f728-4205-9ccb-ec18f885410a ok
[98/648] 99bea017-78ad-43bb-b9ad-da192f9d8eb6 ok
[99/648] 95923d0e-9f5d-430e-8071-97830c420a97 ok
[100/648] 7765fd6d-693b-4fd0-a635-b38c608afb49 ok
[101/648] 85f9ade5-6170-4895-bbdf-0d2b95d58456 ok
[102/648] 487d6e96-6b6e-47ca-b5de-62ef6309e1fc ok
[103/648] a38ffbb2-79db-4af8-86ed-b06f85df8cbd ok
[104/648] a2566770-0bd0-44bc-92e4-92cd227bd30f ok
[105/648] 26699931-3f89-4543-80c1-875b997b05f6 ok
[106/648] 79073d73-12c9-4f50-becf-5e0f5d067488 ok
[107/648] 84082928-6a2b-40bf-802e-9698675e0283 ok
[108/648] 7e777bc2-dab3-449c-a245-169bb5d7ae36 ok
[109/648] f4bbe029-4555-4e82-8546-750758f98460 ok
[110/648] 704ac746-8084-4e63-af07-86023fec3d45 ok
[111/648] 993e51b8-6972-400c-a63b-b9a4a1addf97 ok
[112/648] 12aa0c35-7797-400e-b39e-f29154903f61 ok
[113/648] e704cc19-d5b5-4383-9062-18a846497cb7 ok
[114/648] 09a3008c-4f55-469c-8858-fe0af21135ac ok
[115/648] 75230086-bb37-4fbe-aef7-85efe46f33ea ok
[116/648] c5498e57-4623-4598-87a2-5f3b7311d39c ok
[117/648] 6ae52452-7f1c-4107-8565-edd968731751 ok
[118/648] 2e13122e-919b-46ed-a199-7958fe1d99e4 ok
[119/648] 9f850c19-c52d-4d7d-8f23-bf7b6036c64a ok
[120/648] 8aea75f7-e4c2-4340-a0ac-98a1f3d50940 ok
[121/648] 002e46af-5e2b-4700-8b29-99d56be21d67 ok
[122/648] 770bbed0-816c-4d8b-a0f8-a9472cc1a743 ok
[123/648] 928c099a-7bdd-4c1a-a1a2-b806bfada3e5 ok
[124/648] 05cb9b73-63f7-4604-b16f-656852a7201a ok
[125/648] ac679610-1be6-4b5c-ab97-ff1dbdd8a05d ok
[126/648] b7910158-20c8-4bb8-84f6-638f74bdfcc9 ok
[127/648] 8c8a1fca-15ad-4621-a099-47daeff77d27 ok
[128/648] a0a5ed7b-5225-4cb9-a657-b9fbbd60904c ok
[129/648] 7dfbd489-6cf5-48a7-a6b8-ac075a7d574a ok
[130/648] 5ce09bd1-ab14-4a5c-9592-a62cb7707842 ok
[131/648] 7491d65f-6b49-4061-86af-105c88b63fbd ok
[132/648] 19df2978-46da-4448-8cf8-27f0584b25b3 ok
[133/648] 802b5da9-c328-4fa4-8d77-ce810f091b87 ok
[134/648] 943cd3b5-d596-44b7-8a80-829d10313a97 ok
[135/648] f2124501-92c5-47bb-902e-c559d356541e ok
[136/648] bccb1c70-1941-417b-8600-73d2bee94efd ok
[137/648] 090f861e-8389-4bfb-9a67-51540d182d09 ok
[138/648] 6fcb86f1-57a1-43a3-8b52-138ae6b551aa ok
[139/648] 02dd2872-ff6a-43a9-aa5a-8d07a16bee09 ok
[140/648] 590a7987-aa9c-46f8-a14a-a75a1fe54c26 ok
[141/648] bff80fcb-e849-4cdf-baf4-6c480d171aa7 ok
[142/648] bdcf9ccb-033c-4c96-83ae-79cc60a7e948 ok
[143/648] 8853b16f-763a-478e-a1f0-517640966020 ok
[144/648] 6f290e95-9658-475a-a726-56e7d18d979b ok
[145/648] b8314609-6d63-4018-8080-a4a5286f51b9 ok
[146/648] c9bbb44a-0d09-4f11-811b-9fcbae10d6a4 ok
[147/648] e32c3a1b-aa8a-4f7f-95f7-fcf4116854ab ok
[148/648] f2d7282b-b9ca-43b2-847c-23dfca0d308f ok
[149/648] 91b2f17b-fecd-4f43-a801-becc3a85e858 ok
[150/648] 1244ab43-2e64-433d-8bc1-da89f4ddc890 ok
[151/648] 36688c77-3fc9-40ce-bdfb-3dd20eb911a2 ok
[152/648] b7b56da6-5793-4eba-aeeb-2164f9d25a59 ok
[153/648] 381830ba-22c4-4484-ba59-817ffaeda08a ok
[154/648] a617d938-8747-4ad3-9021-1913e9ffa96c ok
[155/648] a6865cda-f12e-4b7b-8c5c-c5125c287bc9 ok
[156/648] 43f218ce-54f1-49f2-96fd-bb9010dab2c4 ok
[157/648] 5ed9fe9d-804f-49c0-a9e6-d673f410b274 ok
[158/648] a2d876ac-3074-482b-956e-d8748a5d7ee0 ok
[159/648] 0e954436-1702-406c-8783-0096fd3386a0 ok
[160/648] 837602f5-40df-4b59-a18a-da6e64ccd776 ok
[161/648] ac45d330-167a-4c9a-b082-079a3076cb4c ok
[162/648] 1a4ba0f5-cad0-4964-a11c-91769aa62990 ok
[163/648] f0c3e1a5-174a-4dbf-8eb0-cbff7d5dc595 ok
[164/648] d139d7a2-28ac-495b-8095-3a66f07a748e ok
[165/648] b7ad4334-8e1c-4542-8fce-5dbf5f0c2c6a ok
[166/648] a5e26c5b-7dc9-4424-bd6c-ba0fbfcf20f1 ok
[167/648] d6d55bc8-9de1-4bce-b0b1-67e6d3612180 ok
[168/648] 6afe3582-d892-4c0c-af9a-0cfd2638837d ok
[169/648] 05cc62b5-4e55-4192-8d0c-91635d241223 ok
[170/648] 339d7458-a85c-468b-83bc-28074b6ba8e2 ok
[171/648] 7b96aee7-b7be-41f5-ae4d-6dd24fb6700c ok
[172/648] 5a3d7c06-d744-41ad-8e8e-e9124785ab9f ok
[173/648] f07c8125-f5e3-4302-ad3f-628a9dde7d93 ok
[174/648] dfcd4b75-5c64-49e9-80db-1b8c79999679 ok
[175/648] e3b6a856-ebbf-4291-8354-8f606e271a9b ok
[176/648] 6a1e83ab-d878-4062-b3d2-f32b3cbd8f2f ok
[177/648] f49f47f4-2558-4712-ad88-2cc60da3a6ca ok
[178/648] 2cc55dac-dc05-41cc-bc39-b1405ede1f23 ok
[179/648] 7b242ea9-1b42-4e10-a84d-469166e251b8 ok
[180/648] 9efeb3c8-7c57-40b3-8e2e-055f34eacb68 ok
[181/648] 7a56da8d-d958-4cea-8b2f-3550d79d8360 ok
[182/648] 145445c6-7f6e-40a2-8b9f-71396e059e81 ok
[183/648] 741577dc-094e-421c-9a88-cfc9d64a3582 ok
[184/648] a833ecec-fe96-473a-a55e-467b8ccec8dc ok
[185/648] 06f01c2d-2afb-4587-973a-6cdfdfd4efbb ok
[186/648] f7136466-6442-4d03-87ac-b6ef3381df84 ok
[187/648] 8b83fde3-ea48-4f99-a5b0-e156fb0ee1eb ok
[188/648] 2e249324-1718-4062-bee5-9c5e395070a1 ok
[189/648] 3a552b92-11a5-4adc-9339-d690bb69a0fa ok
[190/648] ff0931f7-be55-45c1-9489-a5b73067f365 ok
[191/648] 957bf973-e122-4a19-8373-ae68dbabbd1e ok
[192/648] ad9a443c-628a-407e-a34c-e63ff2809240 ok
[193/648] a8c08233-5c08-4f36-9057-207128ebd787 ok
[194/648] 1768600a-a7e4-41d2-bb4b-20cd73aea213 ok
[195/648] 68b47b05-5d8f-4fd2-80f1-0eb54e5c5027 ok
[196/648] 866038b6-e01d-4d26-9b45-41dba2f87402 ok
[197/648] 73517a74-c27d-4c83-a3ce-a8b6313608d7 ok
[198/648] 9c96db40-dee8-4f70-b3bb-61b9d91de99e ok
[199/648] f5f46fa9-2e6a-4876-9c64-4b5168d6348b ok
[200/648] 13a0bb97-0402-43c9-b3dd-60d3b3813977 ok
[201/648] b805e30f-161c-479b-b82c-46e705e1a704 ok
[202/648] 29bd5cfd-b72a-4823-9c16-8f35168db258 ok
[203/648] bdc956c1-b827-4e8e-8a7c-b7a2afd93fc2 ok
[204/648] 820b6d32-98d4-4e68-9a01-38fb4edef723 ok
[205/648] ae7499d0-0e61-4580-a3f2-52a1867cfe65 ok
[206/648] b38e2d7e-c946-4a94-9fec-2517e4a43646 ok
[207/648] d03fa658-e2c1-4a76-aff6-d42a751a3247 ok
[208/648] f48525eb-991c-4c71-809f-9e0179bfe781 ok
[209/648] ad6d898a-9a11-469d-9fe6-0714ec3dcd06 ok
[210/648] 7c48ef54-d21c-4a87-b198-926fc17678ee ok
[211/648] 5c88b68e-f3fc-43ce-a7f2-ec9aff637693 ok
[212/648] b0f99159-4c39-43fd-ba38-3acb27bd0193 ok
[213/648] f37397cd-b8f0-4567-88cd-24abdaf9ea8e ok
[214/648] 27bb3f11-4df8-44f9-8214-1b7acf9bf660 ok
[215/648] f701adbd-4fde-4508-acca-fd8d6ec6372a ok
[216/648] 273a242f-3152-4d5c-97c8-d4802652d8c8 ok
[217/648] f0e1d161-7fd6-41b1-8364-661154480f37 ok
[218/648] 2e607ca6-dd4f-471a-be74-cd8aba912bd8 ok
[219/648] cebd0a56-2510-48ab-92a8-fb88d4188148 ok
[220/648] 3b59691b-50fc-45df-8a8a-aefafdd6cfdc ok
[221/648] f226df51-20c0-4766-9fad-53f2fa8da9c2 ok
[222/648] f63406c1-bcf2-425d-b292-1295bcccf2f8 ok
[223/648] ba34cfa0-2713-4f08-a2db-f9f3e79e5832 ok
[224/648] 7ab9be6c-52fd-4cfa-906d-266c3a153c0c ok
[225/648] 355f1fc8-baf8-4ccf-a5c7-9b1cf760c889 ok
[226/648] 21567cc8-efef-462c-b475-a554d477b0d4 ok
[227/648] b3b43fcb-58da-4458-9991-ed5d823bc800 ok
[228/648] d2eb368e-069c-497b-b267-7ac22299adb5 ok
[229/648] fd7a7b7c-e248-4afd-ba55-15ac68592636 ok
[230/648] 56260303-2992-41fc-b2ac-8b209c845646 ok
[231/648] 0eda8972-69f7-4327-902d-58445385ce84 ok
[232/648] d04c8150-6dfa-42ba-977b-8b79a98db368 ok
[233/648] a8965855-981c-4b66-acd5-02ef155e15cf ok
[234/648] 0e913d17-5079-482e-9029-b260865decc0 ok
[235/648] e9c29421-6f6d-449f-8873-be308e1c3058 ok
[236/648] ed1b9edf-f1e8-4a90-840a-2e1a5bf0c738 ok
[237/648] e65f04c6-1157-4482-b1ed-0b2b0f59ac7d ok
[238/648] 9ea8d700-9d9e-4d50-8ac3-7e0cd8916665 ok
[239/648] 4539710a-4a29-4f6e-bd51-7c32918f6460 ok
[240/648] cc8bbeaf-286d-44ac-8883-00a6971c865f ok
[241/648] c96074b1-27ef-4c99-8a54-f454dc26991b ok
[242/648] 2f263489-1538-44fe-98fb-79bb8d1d25f6 ok
[243/648] 1013148b-b4c6-4b69-ab3f-0c0f3771cd8c ok
[244/648] 102c71e7-eeda-4e77-997f-08a1232aeab4 ok
[245/648] b487666a-02b1-46a5-a341-747ea4dac365 ok
[246/648] 730d854e-7f19-4214-8a6a-210ad797eff8 ok
[247/648] 2a5f9837-dde6-4a66-8c95-f3db6922d3b5 ok
[248/648] f0bb5415-4f11-4816-a630-aa22e34dff1a ok
[249/648] b0043a08-cc97-4e30-99b2-c3217ffcae61 ok
[250/648] cc618bbe-5e71-4782-82eb-705f9b073f01 ok
[251/648] cab33011-72c6-4cb1-9001-f5ad963287cc ok
[252/648] e02a885f-9c1e-4d8c-b5dd-3acb6af013a5 ok
[253/648] da13b6d0-6707-4852-b70b-1616db7768a1 ok
[254/648] 504b3970-ddca-4017-80b9-390913fc4b57 ok
[255/648] d87e135f-59fc-4e65-b81a-0af05d1c54c0 ok
[256/648] d9b601c4-a592-4039-87e4-995d56bf367f ok
[257/648] 592ee0fe-dfeb-4510-8b94-e7023fc30a5e ok
[258/648] 4ad18427-fe37-48d9-8c37-a5dbf7e82816 ok
[259/648] df35b95f-80f8-4166-9280-a9c981a07ade ok
[260/648] b865604d-983c-4b3b-a222-1f68572dd4b8 ok
[261/648] 5c0a35e2-2b50-4adb-b554-ae7d19b7e460 ok
[262/648] 697e901a-83a3-4870-87c5-8f5b7b5e7f80 ok
[263/648] 480d76ce-7d73-491b-a939-67f0cac4b674 ok
[264/648] 4e0ebdff-f1e5-48b5-bd04-3fcc3c9ac4ae ok
[265/648] 87102ddb-993e-4324-bd16-d0beb93b0a46 ok
[266/648] 7466a20b-0142-43fc-9d90-2fcc0e96e5a0 ok
[267/648] 72265a01-be28-41bc-8ec9-7b1c17a5b893 ok
[268/648] 802ad44a-7143-4524-bcc1-2ded3b2f38bb ok
[269/648] 04754d79-20d5-43a5-aaff-fc3199d80237 ok
[270/648] 55af60cc-18ba-427c-8c66-ed7b0375dfc7 ok
[271/648] f61fd041-6662-4a7e-9f06-d1e9e98356fc ok
[272/648] d31d09b7-5dde-4439-a908-1cafefe84a91 ok
[273/648] c59372b3-a0a9-42bd-a7b4-ad221bb48b8f ok
[274/648] 6364c0bd-f3a5-498f-a4e8-fab827f96299 ok
[275/648] 2eb900d4-ad0b-433e-9a86-9ce6f5e39a90 ok
[276/648] 08892ce1-f4a4-4f6b-8352-f94c46027cab ok
[277/648] b8dcc289-4222-4c58-8d07-74949d0c574f ok
[278/648] fffa652b-d2c3-4a76-a017-e7a1184b6807 ok
[279/648] a3b7049e-11c2-48f2-a1b6-6150d462c596 ok
[280/648] 84ef941b-19fa-430e-aad7-1076ef129cb5 ok
[281/648] 93c98f84-aae7-440d-9250-934108734096 ok
[282/648] ccc7af4e-3613-4d5e-b795-f67062a9362d ok
[283/648] b062de2d-af18-4258-b0f0-f0e52d11114f ok
[284/648] ae08e7d3-09ba-4ffc-8424-b1cf72c7eab8 ok
[285/648] c19f8f9e-9510-4df1-bcca-27b6b245d570 ok
[286/648] 1eae5aff-7817-4fe1-b53f-9dc1570a4e92 ok
[287/648] 88e715a3-aa95-4624-8bc0-35c3a46a282a ok
[288/648] b7819fac-c6f5-40bb-bae9-6a021ad79bd1 ok
[289/648] 43728c2b-ea68-4950-ad2b-cf998b6bbe8a ok
[290/648] 871d46b0-7ad5-4a9b-870f-0c2920affdd9 ok
[291/648] 03cc1aba-c1ff-423a-bf94-095192ac357c ok
[292/648] b99db8b4-88eb-4393-85ac-da45e7b92f1f ok
[293/648] d2cda27b-f048-4d31-b501-c3a9a14f2be8 ok
[294/648] c3e000ee-4300-4886-a009-4ac215206f8c ok
[295/648] d07ef7a7-5ee9-44f0-ae9b-27123108aacf ok
[296/648] e7f072ce-0ca3-4f84-a5ee-68fa14b20a29 ok
[297/648] a7f2b1a3-58f4-435a-a13b-376d4594b677 ok
[298/648] d81c67a7-165c-4318-bc9e-75f34b9c0a6e ok
[299/648] 5b77924a-ad38-4f1f-bd5e-6517431234c5 ok
[300/648] fe375b10-8233-4173-980d-1c95d359ce68 ok
[301/648] 5e8adf08-02fa-4bb9-95ba-7312eec766b7 ok
[302/648] ff58ba17-061c-4853-bab4-56ad1d47fbaa ok
[303/648] b0417e33-2d66-4e0d-b9cc-e7b8cb41d6db ok
[304/648] f0cfb99d-b709-4802-b8da-0ce00618182f ok
[305/648] 887dbacb-0fa6-452a-9fdc-12e4e4275802 ok
[306/648] 5f473fcf-bed2-4bd8-a46a-cfc99699df12 ok
[307/648] 017f10ca-253e-4d98-ba16-7ad0e713bf65 ok
[308/648] 2a44a7c3-6bdd-4bb1-9d23-45fcd52e5c68 ok
[309/648] fc06e49b-1fd2-44c0-8822-59dcb6f9d8cb ok
[310/648] a94c4bdd-a9d3-4a65-b7e0-d3c855add0db ok
[311/648] 8b0a151f-cc6e-4023-9fbc-e55cd318f418 ok
[312/648] 809aa132-749a-46b8-ac75-1971bdd7f6e8 ok
[313/648] 5b65ad5b-0991-44f3-a590-57929b64801c ok
[314/648] 0a993a1b-0053-4f46-9067-e962daf179b1 ok
[315/648] 5cf13caa-6c48-48b2-a2b5-92676196f3ab ok
[316/648] aa3d3ee5-6852-4dad-8539-68e7e59578a8 ok
[317/648] c0051090-1129-44a5-bff7-90f3a34bfee0 ok
[318/648] 7c89fbd6-b4d6-424f-82f1-f34ff5b57872 ok
[319/648] af7e84f6-c8ba-4e3a-b202-88592a897d24 ok
[320/648] 7e35f263-36f7-4c61-afed-82d2095e37ae ok
[321/648] 02285101-4bc8-4257-992a-66143b551252 ok
[322/648] 55758f29-f4a8-4424-aabb-67a64c202572 ok
[323/648] 1554558d-a6d5-44f2-a6ed-a8437e51ae1b ok
[324/648] cd845cd6-a521-442d-8864-57ba93016695 ok
[325/648] 72ad3344-6edd-4550-a42b-05ff4ef81147 ok
[326/648] f1f9fe57-3c58-4726-b5bc-e66206bb6097 ok
[327/648] 083286e5-8998-4835-addc-caa52aadbe78 ok
[328/648] f35784f8-8424-417b-a950-ba36a8b3f99b ok
[329/648] 884891eb-c5d0-421d-8aa0-e488c52d5c1f ok
[330/648] 869b6ec5-27fb-420b-8831-4dff2b658ca0 ok
[331/648] 0cc67aa8-de58-4dc0-b82a-3813468faeee ok
[332/648] 96cc7e84-6d50-4380-ba94-7564fdaa4a57 ok
[333/648] 202187e8-cc1c-473e-ab18-c1208ae8f204 ok
[334/648] 5ddfafab-0e5c-4c54-8ea2-6866d31d6c8b ok
[335/648] 019a258b-3fcf-4f9a-856d-85b092fc512e ok
[336/648] d5b2dccb-6a70-4068-9658-671251923f48 ok
[337/648] d7d59257-9b76-4a97-9227-3757fa355773 ok
[338/648] a4192997-0c22-48cf-ac2b-146a80127354 ok
[339/648] 581a1493-09cf-4162-ab75-98bbc467fb14 ok
[340/648] 3b2a5e71-94f1-4d18-87bc-29797a27be7c ok
[341/648] 295ff8db-db0d-4034-89fc-785890e187ae ok
[342/648] 922cdf1a-32b2-453d-ab6c-0b92b4600e00 ok
[343/648] 5bfdf935-ffc4-42ad-93cf-f4e58c1e5e0e ok
[344/648] 926b5db8-0895-47c0-889e-be6f69dfa25c ok
[345/648] baf6cd14-a9ac-45f7-a9c5-fe9806df4285 ok
[346/648] 4ca3b391-88ca-4762-a51c-0955fbd11ac1 ok
[347/648] 9a1c05ac-ba35-4331-a086-8b7b0ff1af9a ok
[348/648] 71fcafa3-3526-4226-91ce-c9d8938e42e5 ok
[349/648] 09579001-ddaa-4e88-bdb7-521671cf9dd8 ok
[350/648] 7e2fd72f-0230-451f-9d77-c60eca54d979 ok
[351/648] ea804188-c2a8-4399-9255-8b4a5458f9ad ok
[352/648] bf4b2933-8def-45a3-8d19-24d9cdc301eb ok
[353/648] 59429c77-caef-4486-bbbe-cf93300e2cd7 ok
[354/648] 4aaddbfc-d6b4-4856-8538-cdfc31d520f5 ok
[355/648] 349a9178-83b2-49a6-9367-2a91fd7a302c ok
[356/648] 5c0a8311-8f99-4a25-ad71-016f9110191c ok
[357/648] 837dbe57-9626-4141-bdbb-cc33f51b6379 ok
[358/648] f0a71cd0-1758-4961-a041-985377b20445 ok
[359/648] 3d59f169-e6ee-4ad8-a60c-63ae4d1939f9 ok
[360/648] f0ecab6b-aa95-448d-abdf-0151cc58b5d3 ok
[361/648] 2cd4f6fa-f9e3-4510-9554-a4176bdd72bd ok
[362/648] 4b342a82-1466-44c4-9db4-6dedd1f9e16b ok
[363/648] ba6ede9b-882d-49ee-98ea-2bb8958b930f ok
[364/648] ba85c4e6-a865-4b4d-8f5a-594dd0f292fd ok
[365/648] 56acdf7f-dcc0-4fcd-9568-60f2e1b8bdde ok
[366/648] 50f03418-f5e7-4b33-b1fa-88b8e221c378 ok
[367/648] ed104e36-5d8d-459e-81cb-aa16b82667a5 ok
[368/648] 2527cda4-74e7-4dc2-861b-76aa3f4a3469 ok
[369/648] 2d2ae271-7580-4bda-a0f0-1f15da122e56 ok
[370/648] 7ba9f8bf-fa35-4875-9e08-3f405ecbd7c3 ok
[371/648] 5bb35b60-c3a1-4725-8536-7b0b5b057bce ok
[372/648] 6f6a6af6-9927-4206-96ad-1f75eaac7140 ok
[373/648] 8aa2563d-3923-4673-bfd2-f243b6189786 ok
[374/648] 00d3cbb5-3d31-4850-95cd-52b5058af735 ok
[375/648] 44ad5ca3-e653-4b00-92f3-6ff6742c9a33 ok
[376/648] d7b16939-8837-4bce-962c-d97c0a0ec2c2 ok
[377/648] e1a8fe7a-1230-4fe4-837f-a0876955d2be ok
[378/648] 16f60841-e59e-4cd0-aa35-acf64984c170 ok
[379/648] 9907a332-a3bd-4393-94b7-391077c0bfb3 ok
[380/648] 367d22fd-e802-44cd-9804-dc4618ab16eb ok
[381/648] bbd8d8aa-89a3-4f12-9350-d552f2c094c5 ok
[382/648] 76e8a3b4-350e-4252-a34d-4cbe31eb65eb ok
[383/648] 90e69407-2a75-4406-a7b6-2b7f3497cf46 ok
[384/648] 999a598d-887d-43f7-94c5-f18ffa1eeb42 ok
[385/648] 04137c6d-50a4-463a-b99f-ffe3977e1f78 ok
[386/648] c70235bf-ac8f-47a6-8e96-c409ecf23868 ok
[387/648] ece18360-f5c3-4a3b-a99b-18f973a68429 ok
[388/648] 942d0803-45a7-4a2d-80e8-dde010a0d5f7 ok
[389/648] 904f731b-f8b3-48d9-87c7-2c0a24dbf71e ok
[390/648] 916265e7-7ec7-4336-9fd0-0f640bc48529 ok
[391/648] 25217889-f226-4987-9ec5-e0c56b2d7fc0 ok
[392/648] ed61c079-d31c-41c8-9b14-4a0adac5e389 ok
[393/648] b3f154cd-810e-4f61-8545-f25f03b78db1 ok
[394/648] 75293371-5840-45fe-90b4-dcee96c43cd3 ok
[395/648] 7bf14e58-e57f-44a4-83a5-5223b526ece5 ok
[396/648] 21b5fb9d-4c93-4164-a78c-6fa961c57079 ok
[397/648] 752673b3-0dcc-4561-8fd8-1f64a31712fd ok
[398/648] d4009b03-f487-477c-a938-dda9202e5a46 ok
[399/648] 61923f3a-a2b0-4c46-babc-a39b8e0a4fdc ok
[400/648] c43ea6fc-3229-47ff-84c6-f4a8af4d35b7 ok
[401/648] f37aff59-58ab-445c-a705-a47b6e696b63 ok
[402/648] 32681496-247b-4e5d-8c51-f97eb392d0be ok
[403/648] 34e6f63c-9d86-4228-88ec-0a6c077e01fb ok
[404/648] ebeafaaf-b422-4089-bfce-a2a663fb927a ok
[405/648] 6987af8b-b636-4f69-b6d0-f7dadfd950d5 ok
[406/648] 32a8a92c-5d71-49d1-bdfd-6f369a9431cc ok
[407/648] 3754c85f-1b2a-4b9c-b65b-dae33197abcc ok
[408/648] 68297788-ab63-49de-a516-c1521a9c2839 ok
[409/648] f1ac7852-aafd-446e-b051-2bd6716ab9b0 ok
[410/648] cb78df60-13ec-45a2-a4b0-50ba025ac0b0 ok
[411/648] c85418da-7258-43d7-b9f2-980a0af09e89 ok
[412/648] 28bb8c21-75e8-4d27-a4aa-08e86df3df5c ok
[413/648] 3eec2133-abee-4e7f-b935-adc396631b48 ok
[414/648] 69e733de-1127-4acc-82d4-c4eb9f7c6806 ok
[415/648] b612b5ce-d54e-4bd2-81c1-13e54e2a8968 ok
[416/648] 50f5f5b1-e9f8-4673-be73-1987d4d493e7 ok
[417/648] 51bc632c-db12-4e55-bc92-c692ceb60a4e ok
[418/648] 32879541-0fd3-4548-a591-2ed779301756 ok
[419/648] 8c26b198-bc93-4ca8-914c-4bb1586562c0 ok
[420/648] ce37cbc6-bfd7-4055-bafe-d4f905a00e49 ok
[421/648] 686ac8a9-1936-4737-93fa-97f9b78e594a ok
[422/648] 28ea12e8-0a05-43ce-8bbf-6b5487bc61d5 ok
[423/648] 86716b37-4e2b-4405-847e-46029b311e06 ok
[424/648] a3616a3b-0d53-4f60-85c3-20e3a780719e ok
[425/648] b72aaa12-b85c-4099-9823-150175bc9f19 ok
[426/648] 8ecb415b-4968-440e-9325-8ef3c1b77af2 ok
[427/648] ab4ce02f-3dbe-4841-b82b-0eda25abc557 ok
[428/648] 8a97404a-6411-4757-a9e9-2b041bdfc158 ok
[429/648] 975d3b39-c700-4218-9683-2b774c0abcaf ok
[430/648] af9155d2-f7ac-4b2c-a2a7-76b0438e1ea1 ok
[431/648] f1967bb0-d634-4667-940e-f29da8bacd1c ok
[432/648] a714ad91-5f4d-43e5-a831-2d7d725aba67 ok
[433/648] 3241b121-5311-4547-9c1c-f8c05f14ed39 ok
[434/648] 4ae689da-0b6e-4fc2-96b6-1879ec70577d ok
[435/648] 1f24cdf9-ed2f-4e11-b703-4130437f4e74 ok
[436/648] fea53313-6ae4-415a-ab90-38ce24d70203 ok
[437/648] c84fc881-13f8-4dba-b668-2f8e1e0f01d2 ok
[438/648] 156b8a16-2b75-4f88-a1f2-473e29407c7c ok
[439/648] f218c23f-eda1-4ff1-89fb-2c23af94fc32 ok
[440/648] db94e15f-d1f2-4f39-a54a-e31e53540a04 ok
[441/648] 40b52324-dadb-409f-aecb-2a8ff7b03f54 ok
[442/648] 9779de9a-7c85-4a71-9a30-e23e43f3b04c ok
[443/648] f1617841-68df-4983-892c-3338cae1d317 ok
[444/648] b79d082b-8f15-4d88-914e-1b07cbbf5f88 ok
[445/648] 8a555f5b-6246-409c-9ab2-eecf22923bac ok
[446/648] 51b5736a-ea60-47a3-80ad-d89da18871ff ok
[447/648] 1ac4f012-a654-4e6c-b692-7b95619b0097 ok
[448/648] 2e6d8751-093e-4364-8f1f-2281839159c5 ok
[449/648] 28109a19-170e-4631-af91-5894301efee2 ok
[450/648] d4bc2ea8-759f-459a-903d-b60ff1cd4520 ok
[451/648] 0e6150fb-20d2-4ff9-8e2a-e6307138fa6c ok
[452/648] ca619799-2da8-4b78-8494-c8613e8e3a30 ok
[453/648] 66891d8e-0e8f-45a9-bce9-9a90927c6c6e ok
[454/648] 65818201-1dc4-4a27-9098-2f0b10318d4c ok
[455/648] e9a0fa52-f8eb-44d5-b513-8bf46de4580e ok
[456/648] db332020-d1a2-4ebb-83ad-2fa347eeedc8 ok
[457/648] ef268945-300e-4be6-a98f-7d0291312f27 ok
[458/648] 1d96e8e2-6c2d-4e0a-a9d4-f76da8ded3e3 ok
[459/648] 695a3b8f-eac3-412e-b335-bda8f0101f25 ok
[460/648] ceb11b54-4cc6-41a1-b14b-b79c8b79833c ok
[461/648] c83e396d-21c4-426c-97ce-23fe64ce1512 ok
[462/648] d2cf895b-d63a-46a1-8bc3-1635afe86177 ok
[463/648] 4de35488-1846-4939-a794-4a19d88a39da ok
[464/648] d07ac04f-9ac5-4298-9641-3ab365083c31 ok
[465/648] 97d923cf-e231-40f5-901b-6239138e1041 ok
[466/648] ac4042b0-1783-4c57-8023-3837809f7b7a ok
[467/648] 950383a2-ac08-4f8f-90e4-3fd0cde8f824 ok
[468/648] 8da07d27-2721-431f-a568-234415c776c9 ok
[469/648] b159d8ce-3b69-4552-807a-d77f857667c2 ok
[470/648] 2ad1858c-bdc5-4cd5-8a98-0ae4804abf0d ok
[471/648] f448e3ff-f0d6-4722-b835-902551b7714c ok
[472/648] 71da4b79-1199-4983-8f9c-a575113f7336 ok
[473/648] a28fdbf5-7a29-46e0-9834-5e16d2ee762b ok
[474/648] 9d569a1c-5f03-44f9-8132-59be8f05eaa0 ok
[475/648] b1d84a91-641a-45f7-bbce-23e1b5d53d37 ok
[476/648] 5b177591-e709-4c37-8265-63a0c35cc327 ok
[477/648] 394a1f85-e5a9-4d30-82b6-224b628b1340 ok
[478/648] d7b36db2-cc53-4268-9471-96ce97b90c11 ok
[479/648] 441ab387-6518-441f-902c-30a1969411ab ok
[480/648] 59a15c72-d1f1-46fb-90d8-583a1eb57e5b ok
[481/648] 62bdc54e-ae04-48e5-b051-8dae3155659d ok
[482/648] f80294bf-cf98-419e-aa8b-a60d53ecfb90 ok
[483/648] f4c362db-b4bd-405f-85ba-81cc7d3f7b70 ok
[484/648] 298e9c79-23d0-467b-83a4-f8c389ed674e ok
[485/648] 0f1e22e3-54db-49e4-993f-3c9fa0563490 ok
[486/648] bc3cac75-649d-46f9-8210-b09cbbf26113 ok
[487/648] a3f0c0eb-ba02-4d9d-b2c0-22dde5a4104d ok
[488/648] 9320380b-0aa0-4e15-aeee-7e063b80f087 ok
[489/648] e0241c37-1a53-43ef-86e7-91e38c9be692 ok
[490/648] 8ffc432b-9df8-46a6-be81-c10fe628f589 ok
[491/648] cebf113f-fa36-474d-b69c-d7b181708ee4 ok
[492/648] 1c5fd7d0-6b36-4862-95ba-ebf4c6dd9dea ok
[493/648] 57eb03bb-fdc2-42fa-82b8-48ee2e70ac15 ok
[494/648] eff0324e-47b1-4f33-8222-b96d745a938e ok
[495/648] 7a2becd0-d31a-4fed-8763-92b139f57a7f ok
[496/648] 61bdd349-de31-4f5e-930a-ab1cf14a32c4 ok
[497/648] 1c606e9b-934e-4cca-9f59-00539b9f21ab ok
[498/648] 9bde3fe7-e183-437a-b5b4-00095bb05bb2 ok
[499/648] 60d875f9-2883-40ed-97e2-b70a246568a6 ok
[500/648] 687427f5-3a58-49e3-9857-a4df81bf3adc ok
[501/648] 9bf252b5-16bf-4103-a705-e09dfa722b1e ok
[502/648] 738a3c1f-e6ed-463b-95dd-a7e65c85aed0 ok
[503/648] e75f8753-1651-43fb-b30f-3b109755b106 ok
[504/648] a871fbcf-6ed3-4e25-bca2-b7e7cd4351a9 ok
[505/648] 8a232e3d-f557-495b-892c-8b903d7ec916 ok
[506/648] 25ef0c01-f8a7-4012-ac5f-6c767ebe7d57 ok
[507/648] 93fa5c3e-bd90-4062-9d71-26065e48864f ok
[508/648] 02dd3fe1-5c71-4423-932e-72b72f26f39b ok
[509/648] 7b0f773f-cc95-48a3-ac43-ce4c200f7a01 ok
[510/648] ecc4897d-7fee-47b1-9fcf-1f44a25555f2 ok
[511/648] d1a8c9c9-e566-4a6e-87c1-e1872d6a516b ok
[512/648] 6512a092-d8c2-4048-89de-4e442815594f ok
[513/648] 4d1877a1-c2af-49ef-8369-d09c20b9fcc3 ok
[514/648] 253a2101-b471-4de8-a366-5cd7487dfbf7 ok
[515/648] c73679b0-8df1-4069-af5d-b68965005b7c ok
[516/648] 033d1e24-d066-43f6-915d-1e0db0569073 ok
[517/648] 371e27e2-2181-4ccd-b1e0-d0844771a3e0 ok
[518/648] 02c78948-03a8-49f9-98c6-1ca3d309c19f ok
[519/648] b8443e78-b2a0-4cf3-8ca1-9e83d0941802 ok
[520/648] 9824acb5-bd37-4458-8d42-b1cdfe9d72de ok
[521/648] 72ec6122-0385-47a3-a687-ba823e323841 ok
[522/648] d096cd63-2d3f-4361-93e8-7c8cdd8510a7 ok
[523/648] bcd95327-4821-4aa6-817c-f9db847ba474 ok
[524/648] 07b1b886-99f1-41b6-81df-ebeaf244de5f ok
[525/648] bab5ee3a-48e1-4a14-9f06-342272aa9406 ok
[526/648] 11d5b57c-0083-451c-afba-af10b5ac4411 ok
[527/648] 710aafc9-bfb8-418f-bb90-7db4f093ac32 ok
[528/648] 51bf9830-b82b-4a9d-af20-c218f56f4c64 ok
[529/648] eb5e141f-d2d4-4f02-9a41-9471ae91482a ok
[530/648] 0d704d7e-cf33-4a04-8d39-3dbbb88c6052 ok
[531/648] 2450832d-2c56-4fe4-916b-75d3175a4b6d ok
[532/648] 2d873b80-c7de-4e78-9a2b-16495f4fb7d9 ok
[533/648] 05f7d17a-55da-487c-be09-5cb366c6f6ea ok
[534/648] 9b9b43cb-1f05-4388-bc65-8620506b789c ok
[535/648] 4fa7d6f0-bbab-4a08-9f15-4c9d77746e36 ok
[536/648] 9ebe5abe-de03-4d5f-853d-18a18a8d1796 ok
[537/648] 762f7932-37d4-4d27-b748-a63aca9db537 ok
[538/648] 26d54aa7-2e4b-419f-ab6d-5f057fda97c6 ok
[539/648] 1c07e206-db47-4edf-b469-cf83d50dc431 ok
[540/648] a4904288-b287-4cc1-a08a-0586aedc9f32 ok
[541/648] f6d4b573-43a2-4ad2-9f6d-73a749f00814 ok
[542/648] f99c36d4-b3dc-4283-96da-8cf41860744f ok
[543/648] caf0f360-d00f-4b9b-98c1-963aa16606c4 ok
[544/648] 2d737227-0044-40f7-b4ed-7db060d9b40f ok
[545/648] 8b91b94f-d971-4ed8-beda-8c70861ea3bb ok
[546/648] 80815580-ed63-4a96-8c34-c6d329ccd5fd ok
[547/648] 34981117-6a93-4517-95fd-f160124836da ok
[548/648] b2b00e62-b581-4ea0-8702-7aedd3f27635 ok
[549/648] 703075bd-da13-44c8-9812-3c921e22e025 ok
[550/648] 15b9c597-5dbf-4184-8a02-fec79f40cbe4 ok
[551/648] 37074e15-fea2-4f16-8e54-1414efc5b826 ok
[552/648] c0452a4c-03df-4810-a8c7-00f218eccc85 ok
[553/648] 1620ca84-a184-4d0d-812f-574954387153 ok
[554/648] c325b89a-bd20-406e-8f5f-56b00791aa10 ok
[555/648] f7773e64-7c66-405f-a724-14ad478cb5fd ok
[556/648] 40674374-4229-42f2-b158-1b33e19c993e ok
[557/648] 6841cd23-3ffa-4307-a8eb-30d9677e469f ok
[558/648] e5a5ebce-472d-4a9c-9bd4-81645e87c396 ok
[559/648] 9c3fafa9-cb73-4afd-a8a8-c19ccecc3dd1 ok
[560/648] 3217fc98-9252-4fdb-9772-bd2f05bde766 ok
[561/648] fd5bcf56-1f9e-4777-b7c8-7181dd6e8290 ok
[562/648] b0b67974-2c32-45f2-86b0-93f9fa25d19c ok
[563/648] c8f38b79-fc73-45de-a742-a70a4b24cad8 ok
[564/648] 48bacce5-c81c-4215-a9d5-37cb87012968 ok
[565/648] 312f2a39-71e8-4216-8d4f-15b1ccd33f7c ok
[566/648] e4e77940-8f40-4af2-b0fa-4c1532cd1cc5 ok
[567/648] a6ad8013-c46f-4f43-9613-478bf72a9983 ok
[568/648] 0ff1cada-fd54-4dce-bac6-b24ba7d23355 ok
[569/648] 3cf69564-9ec6-4080-acc1-f9d30df0867d ok
[570/648] 99929c41-a9fe-421e-916c-3c8910f160a3 ok
[571/648] b0b5e185-ee4b-4729-ba30-e26532625171 ok
[572/648] 586c9eee-069e-43ec-9d50-0cd69899edf6 ok
[573/648] a303aacf-2939-4eed-80ab-ca065707bd27 ok
[574/648] 2e3725b8-17bc-4b30-b9c5-c928d23da576 ok
[575/648] 9097393f-6219-4681-85e8-8add5424bea1 ok
[576/648] 582344ec-3d2e-460e-b6db-41e182da699c ok
[577/648] 0871a878-aacc-4ca2-ac6c-1bb9c3344e2b ok
[578/648] c3cc6c41-a97b-4a5e-a2f2-b83cfb93a8a3 ok
[579/648] 564de68d-b0ca-4d50-8ef6-6311f6e8436d ok
[580/648] 8b84bfb8-eeb3-42a0-84a9-2116a3a65ed0 ok
[581/648] a3ded9d3-07d7-428b-bdfb-48ad8c179ed0 ok
[582/648] 644e551f-eb57-43ee-867c-a05e38f272fb ok
[583/648] b023cb0c-bbda-4406-8450-1939a4bc7880 ok
[584/648] cc1bd19e-1d1c-41f1-b55a-284160a6c7e7 ok
[585/648] 68ca753f-bc1b-4bb1-8bb6-ed945b8cd13b ok
[586/648] 74766b36-3cae-4a68-8545-0cddccb4d3ef ok
[587/648] 1de9a1d0-016b-44cd-8c5d-e2ade0e978f9 ok
[588/648] 7d290bca-bb1b-4705-9d55-d112d8da06c5 ok
[589/648] 73be21af-aab9-4e36-a54f-7783262f4d94 ok
[590/648] 3f070702-094b-41c0-b2ae-50ee02cb66c7 ok
[591/648] 0b17adcd-664f-412b-b3ee-0a6a7427a5ff ok
[592/648] f8d7a431-dc4d-4c8e-8c81-feee33ab2b2c ok
[593/648] 3735a607-97ef-48a2-9020-15f19a74edf3 ok
[594/648] 40eefcb3-a7c8-40a7-8c08-b3a94ff3a927 ok
[595/648] 3a1ec797-fc85-434d-8e04-04e441068f20 ok
[596/648] 31bdd133-336f-464a-a2c5-2b7e91c0c824 ok
[597/648] 19389118-0009-4123-bbf4-b4561d55993d ok
[598/648] 80f7755a-6f97-4478-b9c2-7478ddf71bd0 ok
[599/648] 2cf92efa-5f4e-443a-90e4-1ebc7dff4f28 ok
[600/648] 5e235f55-3ec2-43c7-aebd-a00b2024b66c ok
[601/648] 06683018-6534-4ba8-af51-11a3fda275a7 ok
[602/648] cf59cb3a-832b-4e92-932b-b971894d4276 ok
[603/648] 83124b6b-d51e-4e66-945a-970d8c2474be ok
[604/648] ae278cbd-d97e-40fe-a9f4-94a7ca15d817 ok
[605/648] 3cdab5dd-9fa9-4aab-965d-05695c9f5a9b ok
[606/648] 0b3a0ec4-db88-4169-95fa-e2e701c8c270 ok
[607/648] 8036dfed-0366-41ed-abaa-4c075fe498e5 ok
[608/648] ec5f5833-8842-4c15-8830-ff5d5c07512a ok
[609/648] ce935926-31d3-4f0d-8ca0-a35be9a24af3 ok
[610/648] cdc69a83-0fdd-4e37-baec-55e8655a5d7a ok
[611/648] e54994d2-e558-4b11-9331-771b3424ecda ok
[612/648] 84928ba0-5fa6-4094-ab30-2f6748efb94a ok
[613/648] 9bc2b682-6253-42f0-bee7-651c61070865 ok
[614/648] a4942e19-70fb-4a3d-93bd-ec8e67e098d5 ok
[615/648] cda0d341-9fa8-49d5-a236-1247cc4dce77 ok
[616/648] d54c9d26-e83e-4530-8287-ddb8098257d6 ok
[617/648] 98c05ced-3e69-44cd-ad36-539d1bbaa4fd ok
[618/648] 65cc86c6-897f-4763-84f8-c8668c24d8ba ok
[619/648] 617b5c53-8164-47bd-bb93-ca48155042b5 ok
[620/648] fbc321ab-ffa5-4600-b565-34978c71299a ok
[621/648] 9b147c70-6986-416e-af56-64fb4fac1de6 ok
[622/648] e9b48338-25ae-4584-94c5-22b3af56f5b7 ok
[623/648] 3e00abfd-3ea1-46f5-8575-d7f6c9b46164 ok
[624/648] 471bc7eb-f0ec-4293-ba23-5c1fcfcb6e1a ok
[625/648] 4119b328-2e2e-403d-bf0f-957f8f1d910d ok
[626/648] f071b3e9-4670-4da3-b7be-6d91d55a347e ok
[627/648] 9726b48a-e5e3-4530-9e0a-7ff19351a079 ok
[628/648] 713bf60f-1ccb-48e7-abd9-8ccb955a809e ok
[629/648] 9eef3278-b637-4b7e-8756-c5861ef59218 ok
[630/648] b2b5600a-c2e0-43eb-9d5a-f056fbdb3063 ok
[631/648] 3dcff9db-d816-4f7a-8dc0-301aa812a84e ok
[632/648] 4aa00495-664e-44ff-9684-0065fd54956d ok
[633/648] 504b9bd5-14ff-4d43-bd08-5b863be81866 ok
[634/648] 4fd4bce5-1537-47c3-a191-207c53461187 ok
[635/648] 871ae6f0-4d68-4756-ae52-3d2e250a2439 ok
[636/648] 919cd7e9-31f8-4915-891b-734ce2d88e8a ok
[637/648] cb59910b-54b2-4dd3-9a85-4d760b2e950e ok
[638/648] 94f4d10a-5ce1-457e-b683-80568b479472 ok
[639/648] c8aaa810-118e-4840-a575-26ab9752b9c6 ok
[640/648] 29bac415-9d48-497a-a326-37b5105f100e ok
[641/648] 54a87f1c-9fbe-4ef5-a3e3-fbd8c93d2f38 ok
[642/648] fda7cf50-021b-43e9-87e3-cda3539431bf ok
[643/648] 518d7983-5115-44ea-98c4-d2554a548680 ok
[644/648] 1545d306-aad7-4576-942f-577c2320b5f8 ok
[645/648] 84d8a99e-0eed-4176-a136-e20a944a3b96 ok
[646/648] 4edfa908-2675-4dd0-979e-f4ed69d3ba39 ok
[647/648] b7078db7-fc6c-431f-88b5-4c054fbbdfc2 ok
[648/648] a816f430-caae-436d-a320-c2c8362403a4 ok
EXTRACTION COMPLETE: 648 episodes, 2429 positive / 49287 negative sequences -> /home/eao/failure-prediction/data/derived/balanced_pilot_v1-development-648/extraction_report.yaml
