[1/647] 0054e171-df5e-4470-9788-9ff00af04e09 ok
[2/647] 016b5b20-1e67-437b-a7a5-ef4667ccaca2 ok
[3/647] 05904ac9-bfdb-4b08-975d-41a54f94f4d9 ok
[4/647] 06ef5b5c-42ed-4374-a10e-06bd55b1c26f ok
[5/647] 013f150d-4fc9-4a5b-b267-9c197cd8e967 ok
[6/647] 09324951-a65c-4f36-98f7-e7bc00340d14 ok
[7/647] 08f42d4a-4870-4cab-b655-89360caae9af ok
[8/647] 097ce10f-a848-44e3-91f1-f99e2361f93e ok
[9/647] 09bcaeff-12ed-496f-8f2b-fd849d14753d ok
[10/647] 094f597f-8f57-46cb-8d55-f65cefdeab7d ok
[11/647] 0a685162-8ef7-4fbf-b69a-49a81c6a5ce0 ok
[12/647] 0ba284c8-eb4d-42ee-8d9c-d7c07f95e362 ok
[13/647] 0c54f687-4550-43fc-a7a2-3ebc6d9c0a5d ok
[14/647] 0d00aeaf-a9f7-45d7-a0f2-882050170561 ok
[15/647] 0d491ca5-895a-487e-8ab9-533842232de1 ok
[16/647] 0f7039e4-5c28-4dfa-9293-224eeaac105c ok
[17/647] 1077e15a-806a-4044-b483-c7dc9218f465 ok
[18/647] 1149fa56-0f15-4324-b325-d476cabed86a ok
[19/647] 0ec52ff6-e776-426b-9662-6a4f03dfb8ae ok
[20/647] 12582b9b-3d06-4623-95f2-41cd6c2009d9 ok
[21/647] 117d07b0-2db4-4ec3-8719-9c7761694655 ok
[22/647] 14d089ee-ebb9-4c50-b0d9-5e03ff2d99c0 ok
[23/647] 137fa301-1d86-4a62-8e46-4cbf281b8dd3 ok
[24/647] 130f4e07-3705-40ff-bdc7-f226c18659f1 ok
[25/647] 151de5c2-094e-4ad9-a654-25bef5f0dcf2 ok
[26/647] 14ec5329-910c-4b16-9fa7-7021afe4a09e ok
[27/647] 157a89d2-413f-4eee-8d50-0e7a7a7cb6fc ok
[28/647] 190e106c-4cb3-441f-a05a-105af20f17d9 ok
[29/647] 1a24d5ec-3975-4133-93a6-5f9059ee9dc0 ok
[30/647] 189e2fe5-9562-4087-bf9b-e570e925373e ok
[31/647] 1c4d48dc-e77c-41f8-99be-fbbc600b9588 ok
[32/647] 1ea7d918-d2a6-4ff4-9d29-c829390cd94c ok
[33/647] 1ee43120-9c1f-4f50-ae4e-a52cd28dcf1d ok
[34/647] 1ab2b9f1-0525-4967-80f8-b1205960f5c7 ok
[35/647] 200b3150-bfaf-457f-bc7d-89ec4f4433c6 ok
[36/647] 2253dc09-b9a5-448f-890e-b78cfd96822c ok
[37/647] 22463930-8b7b-4a71-8a63-47494077948d ok
[38/647] 20cb0104-92a5-4131-9f87-d9a2364fddc0 ok
[39/647] 2341f41e-0014-4299-b04f-f185862bdbe8 ok
[40/647] 25522c1c-423d-4d3e-b825-f40571349ece ok
[41/647] 25cee981-b216-4f23-a3a6-baf14f49b7fb ok
[42/647] 26420a4b-8e46-465e-8dd0-abf45900abf3 ok
[43/647] 2731adb6-28ca-4f46-a4ab-b0c9d4ce991b ok
[44/647] 26e03967-d948-4243-957d-81bb267b2f90 ok
[45/647] 27d7d489-d6b2-4e68-a63a-15a80e1a301b ok
[46/647] 2a8da8c3-a884-407d-8707-bbb21ab24573 ok
[47/647] 2a4bc2ab-3058-4efc-aa66-18f5bba4b9b6 ok
[48/647] 2891c5f5-c2bc-4175-a363-bddd5a6f6e69 ok
[49/647] 2c411102-2bf3-4b5e-9f70-a4ac8d7e69cf ok
[50/647] 2c80afb9-1b4a-4e42-a275-191efaeb61b3 ok
[51/647] 2c89ae01-0fa6-4ff1-a373-6ac0d862c6ee ok
[52/647] 2cc5debc-c2ad-4a67-bc83-ed0250d4a15b ok
[53/647] 2d3c0b3f-b5ff-4b91-870c-53641658f8ab ok
[54/647] 2e55166f-a1dc-4572-91c9-b8c8de78cb31 ok
[55/647] 2f2776c6-c2b2-4c40-8f04-80d73444f794 ok
[56/647] 2f54a872-00be-4a7d-8104-1fb73207ade4 ok
[57/647] 30ddc70c-03ba-47e7-9828-3f31142b277f ok
[58/647] 311a2263-07a8-4713-833e-f9eb6d77139e ok
[59/647] 32fb2559-f9f4-4781-a142-2a6d2dadabed ok
[60/647] 35acacf6-69d6-43dc-bc71-0a8261aea05f ok
[61/647] 33ebf31f-5d98-46de-81e5-6da2e8ee2ba2 ok
[62/647] 35cde966-00a5-422d-94f1-4b597ede1339 ok
[63/647] 3516cd0f-5990-4142-8af9-c703367ebf3f ok
[64/647] 381a9a08-765c-4c46-87af-74dd694dc34e ok
[65/647] 381c09d1-4648-436b-8f15-70e1a46414dc ok
[66/647] 388f409e-3b26-45f3-a614-d982d8ae7f1d ok
[67/647] 3a04b8d4-9efe-4b60-bcdd-fb88e24e8b03 ok
[68/647] 3c3116e9-e0d9-4fc1-bfae-8dc4f2b3221b ok
[69/647] 3ff2776c-d96d-4bac-9489-666867ce7145 ok
[70/647] 40e2db4c-a245-4b14-8b93-3de5cf33538c ok
[71/647] 42f8f8d5-1ef4-45b8-b98e-75676386eed9 ok
[72/647] 429ac34c-7d59-4d30-a1bb-adb0ddd723a6 ok
[73/647] 3c01714a-49e1-4c8c-a997-b46b4db6d1a4 ok
[74/647] 432aea45-133e-4849-8e4b-aa589c77150c ok
[75/647] 44f09c36-0614-4a07-a680-21e188138720 ok
[76/647] 436e6f0b-d607-4281-8fe6-3fc4822b0080 ok
[77/647] 445057ab-b534-4188-9319-918f06d05006 ok
[78/647] 45335613-30e0-45f3-9aa3-8b8c6c478b67 ok
[79/647] 4680206b-e823-40c5-b661-385db1a9ceda ok
[80/647] 46b5efb0-bb92-4a6d-b3d9-89300e8ab8cb ok
[81/647] 47246bc9-b4fa-4552-a14e-93fc69e21ead ok
[82/647] 4a115571-ade6-4523-b79d-a318cff416ab ok
[83/647] 4a2a62a7-a3f7-4eaa-839c-7eb3648848cd ok
[84/647] 4a77ffe9-203e-4cfd-ae48-f576858d33b7 ok
[85/647] 4af7be20-a9c1-4f6a-9f29-946ccdc927f3 ok
[86/647] 4b624db9-2593-4d31-91a2-26ff1091b2e7 ok
[87/647] 4d01427a-bb33-4a3e-a60c-a7f2f3d82360 ok
[88/647] 4c01bda1-c1ba-4db0-ae6d-af0b650ff119 ok
[89/647] 4d7c7088-c445-43b8-a431-c29a04d5f479 ok
[90/647] 4f569a4f-82c3-4fad-89f9-526db9a42361 ok
[91/647] 5053d36f-e501-4e53-bd18-bea8df08c54b ok
[92/647] 4df81bd7-5d2e-4899-b424-1c38bfec064e ok
[93/647] 53700bcf-3cfc-4320-b7e9-08751e06d2b8 ok
[94/647] 54a216d8-abe8-4bc5-b643-dfe401facab4 ok
[95/647] 5564ba7a-5b66-4069-905b-b54dc0bba84d ok
[96/647] 5145334c-3e64-4152-9fd7-616304991237 ok
[97/647] 57fde06c-67ed-468f-9861-d0a71f9b1a01 ok
[98/647] 56ff1955-e056-4b53-b610-a033de9c2319 ok
[99/647] 58835d8c-dd97-46df-b57d-fed2b8aaf3c4 ok
[100/647] 5b82cd42-e1b7-4391-bec9-7c84529c872f ok
[101/647] 5dcd56c8-a913-46a1-acbd-d62f204b2e32 ok
[102/647] 5c2dfbd4-b62c-4bda-bad7-7c93406fc1b0 ok
[103/647] 5bec8392-84d9-4128-b1a4-3f2c3e7c74df ok
[104/647] 5f36541f-7401-421f-903e-fc0e290a0600 ok
[105/647] 5f986ac3-5438-497d-8245-bcb6363a3e8b ok
[106/647] 5e7a5a8d-0d1d-4ea1-b415-a6ab125d10dc ok
[107/647] 654c8683-6022-4d65-b4b3-2a7b87b328ce ok
[108/647] 637089cf-f9b4-4af4-b7d1-4fe1c85e9749 ok
[109/647] 606041c1-68cb-493b-9fa1-f4722e830108 ok
[110/647] 65e3852c-47a9-45cf-89ba-02942a764a71 ok
[111/647] 654f04fb-1b47-4184-b2e0-1b61f40e1698 ok
[112/647] 66475f5e-2a58-49c8-b195-31e0d73aa85e ok
[113/647] 67b60a31-b361-4d4d-84de-e993abc060c0 ok
[114/647] 68a208ca-a86b-4cef-a131-01b5fe2500d6 ok
[115/647] 675b2af7-0164-4043-881b-b90b5fa70755 ok
[116/647] 6b50744e-a389-48df-985e-d76e30ec4319 ok
[117/647] 6b557f29-7061-4d49-9ac3-c6c03739c0b3 ok
[118/647] 6b1f3bbc-3f2f-48d8-b56f-c055a8e2c8a0 ok
[119/647] 6b666a88-bd77-4886-af6e-1b6ad65017c4 ok
[120/647] 6b95f77d-2fa1-418f-8935-1d973b0362f8 ok
[121/647] 71cbb182-a982-4802-bae4-de46ffb9c544 ok
[122/647] 75a50070-849f-4f2b-bcfe-1b42d14250e0 ok
[123/647] 7825a418-cd6f-47cc-af86-2c48a5d5a14d ok
[124/647] 76db4814-fc4e-4396-9a1a-ff8c54614305 ok
[125/647] 7b447c9b-dc48-499b-82d9-832cf0f2f63c ok
[126/647] 7d1135a8-f351-4418-9e02-15337b5fea92 ok
[127/647] 7d81ca03-54ae-4831-b82f-ea78e86c9212 ok
[128/647] 7e58c920-fa73-497d-b6d8-bd431525c2e4 ok
[129/647] 7b379e1d-4415-42a9-8074-e3093a6e795a ok
[130/647] 7f0daea3-51a3-4519-94d1-7145abee5733 ok
[131/647] 7fec4964-be82-48a4-84a8-c515b4ca58f9 ok
[132/647] 7f8cced6-3ab9-4b26-81d3-d66c8e302977 ok
[133/647] 81e07c6e-e893-4182-ab3f-8605ac742d74 ok
[134/647] 81d3f0f9-e20d-4cdc-85f3-257403e116ef ok
[135/647] 837e13b7-2cc4-44e8-8f4f-6ba3fe7d54cb ok
[136/647] 88766e63-dadb-4514-9db7-070e3973b6f5 ok
[137/647] 85a5f959-0d1b-4d96-99f0-35c53d9c0bec ok
[138/647] 88e03915-cfef-4a57-aec9-37c3123d1ba3 ok
[139/647] 896b8486-df67-402e-8723-ab8f3619751d ok
[140/647] 8bb8b493-06e1-483e-97e6-15264863a331 ok
[141/647] 906e41fd-e3e3-49b5-bddc-abf2f50e24e8 ok
[142/647] 90fb5681-d6aa-4c3a-8798-4e03091b5a2e ok
[143/647] 914378b8-aa7d-4615-8aff-6f76bbf93529 ok
[144/647] 9155a1bf-be45-4491-84ef-0f76b1fd687a ok
[145/647] 92a675d2-77a5-4fe8-aabf-90e0d9998bae ok
[146/647] 95980a44-9182-4dd9-bca3-dc6158cd3df2 ok
[147/647] 98c469b5-8ec3-4065-b7af-1a1426b96f4c ok
[148/647] 9a289cb3-2dc6-43ca-ab5f-0aa91affda77 ok
[149/647] 91ce7501-1840-40a0-8a8e-3443694e7b08 ok
[150/647] 9c264fbe-963c-4957-bdb1-795894179189 ok
[151/647] 9b3175af-8a84-44c7-b493-ab334f65d289 ok
[152/647] 9a993ed2-2f7e-4cf0-9f0e-073ea8902444 ok
[153/647] 9eab6f62-4c7e-4219-9319-be522fe48c51 ok
[154/647] 9c8a1d49-40c7-40c2-a5d2-3927bbdb6dd1 ok
[155/647] 9e33e3ff-6afc-423f-902f-3e09bf97b6fa ok
[156/647] 9f7a5483-fdd3-4c54-91e7-e396bbdef96f ok
[157/647] a0bf83cc-8f18-4fb5-8ac3-9b602ee87f60 ok
[158/647] a27dfaf8-3642-4540-80b7-98de4eb0e846 ok
[159/647] a0b710a9-3682-4db9-9f94-9b0aa7647302 ok
[160/647] a3404369-9515-44be-b9d8-1e0bba8e80ac ok
[161/647] a364a990-dea4-41eb-a181-19c7be268ba2 ok
[162/647] a2f5ec2d-eea0-429d-8cd3-a48ac7a2246b ok
[163/647] a3fa9934-c4b7-4577-86d4-d6a9b38668d8 ok
[164/647] a4d92ce0-6ca6-4d7e-836f-e4d7fc00b782 ok
[165/647] a51c2d0d-abc6-420b-bd4c-3b436d70d8f1 ok
[166/647] a45250d2-655a-48a9-a597-2aff1dc03081 ok
[167/647] a56d561a-4ddb-4c04-a10b-a63c2b4bc602 ok
[168/647] a5d4f9a7-1dc5-4ed1-afcf-6087b91a5664 ok
[169/647] a950af2c-5262-422a-a6e1-a7b9f674486a ok
[170/647] a98034a0-15c6-4d9b-81f0-02e594c5e6c8 ok
[171/647] ab697312-ece6-4146-803b-7e19eefc0bbe ok
[172/647] ada71555-f7f7-4020-b912-a41d3763903c ok
[173/647] b0956106-b628-4224-88ea-8d91c21c78cc ok
[174/647] af6f524b-6095-4260-ae6e-beca8ce861b9 ok
[175/647] b01db100-a75a-4ccc-a49d-6960fbac9b57 ok
[176/647] b0d60b3d-a67d-4719-86ce-e714bf71b686 ok
[177/647] b19702b0-bf93-4fce-89cb-488aedfc29f9 ok
[178/647] b1d172fb-f473-4cfa-80bd-80a6a87089ba ok
[179/647] b3895d3f-caee-4991-a11a-aae51b638336 ok
[180/647] b3cad01a-f5d2-4223-88b0-0f69ce6aa5ff ok
[181/647] b26a0dbb-e4b8-4794-89e2-35d9d0782338 ok
[182/647] b551f639-e39a-409e-abec-86fdfd548c63 ok
[183/647] b60053ad-e2fb-4c51-af1a-560cee63b7f7 ok
[184/647] b50ff50e-4752-4784-9744-aa1086b85587 ok
[185/647] b3ea48bc-b5c4-4621-9d6b-3157b753225c ok
[186/647] b609e8dd-234a-498c-ada4-2d03f1152183 ok
[187/647] b712f37a-39a7-4a47-929b-bffb8e5fc640 ok
[188/647] b7de2430-8361-4dd1-ba9c-fe9a7fcb63b8 ok
[189/647] b9bfdf44-dcae-4897-978f-8f9c488f6a49 ok
[190/647] b89a05cb-c62a-4604-8260-3d05d57260d7 ok
[191/647] b9d22229-5e78-430f-95cb-ad59d0344f36 ok
[192/647] bfc4d16d-28d1-4e02-8f1c-821bd6d7ad19 ok
[193/647] c07da3e4-b88d-4d58-aea3-eaef67137b99 ok
[194/647] bf44d879-5934-4a91-ba0d-8e958d05316e ok
[195/647] c1bb6768-e606-4f6b-87c2-1ddc05a931d9 ok
[196/647] c33be3a5-5bfa-45ee-8113-a8cb18dad82d ok
[197/647] c1696938-fecf-4054-8d40-ec8bcd388012 ok
[198/647] c0d49932-c1de-4377-8e1f-78770088fedf ok
[199/647] c55fc153-8759-4fd5-8f08-b1e1ee48806e ok
[200/647] c569b5c9-fa13-475e-b79f-249344d46b70 ok
[201/647] c6a4c273-a7e5-452d-a739-b3fa98ed96cf ok
[202/647] c80ecdd7-0858-4ef4-ae89-50fa950e5a0a ok
[203/647] cc8dd05d-e0d0-4422-ad72-db47877801cb ok
[204/647] ca36bb87-debe-4de8-b923-a43607454031 ok
[205/647] cb1018fe-cb13-4cb5-90d1-bfadfd2d1914 ok
[206/647] cd1758de-390e-40db-be84-3c7fa3538c40 ok
[207/647] ccf7f106-d481-4662-a078-2dbc2308fc3f ok
[208/647] cd2e40b2-dd3b-47f2-b42b-8e0d159893ac ok
[209/647] cecde149-37c0-42c8-8c61-bbffacbed58d ok
[210/647] d188ceb9-3ef9-4fab-802b-8188971736aa ok
[211/647] d1b19f1d-0ada-4fa2-94b1-a20d5cf6bbf9 ok
[212/647] d27ecfab-b3f3-4890-b0ed-30ed81c313b9 ok
[213/647] d337af9d-e6dc-4ec6-a32a-76bef3c76ae3 ok
[214/647] d3ec8498-08e3-4d15-872a-33a1ea38989e ok
[215/647] d382c71b-0866-4f57-81b7-4e9de254066d ok
[216/647] d3f08392-4078-4b13-a50d-82c2f1446a35 ok
[217/647] d72591a7-5c9a-48ad-936c-dffcb7133b90 ok
[218/647] d7638247-98d1-4bd5-a936-19a40be51569 ok
[219/647] d64f795b-ba66-4c36-916a-cfeb9429edce ok
[220/647] d9800ba3-9cfe-4bde-b05b-a1a436acaf17 ok
[221/647] ddf9ac17-cc34-4a16-a416-66851cfc236c ok
[222/647] de5d2f5e-012c-49df-b177-f5fca35b7ca0 ok
[223/647] e066442e-faf3-4e73-b3c6-888bfa5a4ec0 ok
[224/647] dfacc1d2-c637-4793-ae39-f806719ae7b5 ok
[225/647] e1a3d6a5-9ca5-46b3-9964-cf083dc99995 ok
[226/647] e37ef353-03a8-45f4-86ca-dd370a1aa4b8 ok
[227/647] e38f131d-7aaf-49d8-9d33-4296418b3f0d ok
[228/647] e4413771-f142-49c1-8e93-8d88bbc26a43 ok
[229/647] e46b823c-892c-48f1-9082-d0bca813f277 ok
[230/647] e559b080-69e5-4a85-bcc8-a0a20f9442ea ok
[231/647] e6b60e23-a04c-40d2-9282-6218e461c67c ok
[232/647] e7166882-70c9-444d-825f-66fc411e5064 ok
[233/647] e7e9d46f-637b-44b2-aa0f-05ec6dce7cf5 ok
[234/647] ea8cec32-6c26-4e1c-b202-1509fffbf12d ok
[235/647] eb91393d-77fb-4a8f-9032-46f7d7e99842 ok
[236/647] ec0ee9d4-6cd5-4ae7-be27-f73f8993352b ok
[237/647] eca09035-4e17-4155-b2ba-93327ade1ad6 ok
[238/647] eac27b11-dbcd-46c2-a1f2-49571ba41a2b ok
[239/647] ed1d812e-cbd6-4b07-9b66-4f74c27e8c33 ok
[240/647] ed21664d-bc43-4a16-9424-6af337f35e05 ok
[241/647] edbeefa5-cb50-4b07-b4be-aaa46e344238 ok
[242/647] eddb0e5d-4ce8-43ed-b948-420588303251 ok
[243/647] f00de405-8274-422f-8e6b-3472536d37c6 ok
[244/647] f01b2426-0202-4777-94af-2bee878883fc ok
[245/647] f0b81464-fce0-4eb8-88d9-9a0bd52fd315 ok
[246/647] f24a9c2a-2e18-4d03-8042-1bbf00f6929a ok
[247/647] f2e87937-b177-4d9a-a4fb-59a360a81c76 ok
[248/647] f44de818-440c-4f22-86fe-f6ed70c56ebd ok
[249/647] f462127a-0f08-453d-b23a-1eeac90ef519 ok
[250/647] f5ed7ce7-b313-4f5f-a754-bf6f77c4e3cd ok
[251/647] f64dad63-692e-40ef-a415-528844ad3e37 ok
[252/647] f7cedaf4-e781-4ea4-9608-d281038bc96b ok
[253/647] f80bbcfb-184e-47a3-8fe4-3d03c0482aeb ok
[254/647] f8c2ec48-21a4-4f27-a340-e951d0f3cfc0 ok
[255/647] fbeac5e3-afc0-4e65-97da-13077c7de415 ok
[256/647] fc503640-71b8-431b-9bea-9c270a87cdca ok
[257/647] f83e24b9-5517-4622-9d83-ffeb5d70aa1e ok
[258/647] fc761fb1-a89e-4bfa-b860-5c0fa14134fc ok
[259/647] fd52cd43-f9bf-4a51-bf80-336e43f11c55 ok
[260/647] fdb25dfa-e3ec-47ca-8d12-741974994f5a ok
[261/647] fe40bea9-ccd2-4210-8f44-65e5d832d0a4 ok
[262/647] 01d4e79e-f452-460b-9045-a7b003b4ef82 ok
[263/647] 02e0c59e-9b74-4ef1-a82d-8edfa2fcdd4a ok
[264/647] 00610535-b8c3-46dd-822f-b0d51c374b96 ok
[265/647] 03e5c5e1-b3c6-4bd3-aae5-d467a88940e2 ok
[266/647] 05aee1ff-7358-4df7-a16b-9b883a81a3a1 ok
[267/647] 06728147-43c8-48c5-a4c7-3c3add14a9f5 ok
[268/647] 0e098c24-3c41-4acb-9ecf-ed49b0328c61 ok
[269/647] 0e45bc35-09ef-410d-962e-459643dc3ce3 ok
[270/647] 09f2f172-579f-47fb-a652-8fa285ab245c ok
[271/647] 03e2e6cb-7441-4d23-b212-af51a364617a ok
[272/647] 0ee1a480-5d4a-40c0-9bdd-7816ef92aa9e ok
[273/647] 0f8a366d-43c3-4963-bdc5-1e125567694d ok
[274/647] 1144ca7c-1f78-40d4-8df0-92c1229ba947 ok
[275/647] 157faaf8-3f73-4c35-b949-68a54d9195c0 ok
[276/647] 144305a5-f1b4-446c-a956-dc6831659154 ok
[277/647] 15d23960-492b-4516-85a4-ec6085b57194 ok
[278/647] 19988b26-f005-488d-bfe6-4f118e7ffe90 ok
[279/647] 16e798f9-e1a9-4670-9cd2-c26b62aa627f ok
[280/647] 1e19e546-1583-43a7-bc24-b7f0884aecc3 ok
[281/647] 1da05217-2538-4478-810d-d22aaffb9d3e ok
[282/647] 1e251943-73fa-4220-8306-5cd0a58ea431 ok
[283/647] 2124623c-1d8f-4356-bf3a-30298e30e5ce ok
[284/647] 20bcaead-2c3e-4eb6-8b16-0732ac49a3e5 ok
[285/647] 26eac003-137d-4ebc-acf9-830717595160 ok
[286/647] 29be0ccb-930c-41ac-bb39-80f624d0f011 ok
[287/647] 24e34ab6-ec50-408b-ad7c-ebd32cae4065 ok
[288/647] 2b416f93-fc4c-48bf-bcb5-c6a76f2b00a5 ok
[289/647] 2e6f1db4-97dc-4c39-8989-b43218d88324 ok
[290/647] 2f9a4ee8-81c6-4246-8ebb-58909c39ad5b ok
[291/647] 33dd3bc0-766f-4e67-9b82-f46468d9e5da ok
[292/647] 34510441-a1f1-4d77-8914-8f68d30d7a76 ok
[293/647] 3b581a0b-af8f-4856-bfdb-794c036755de ok
[294/647] 31587b5d-095a-42cd-ad63-abd19f60bf35 ok
[295/647] 3fd74a6d-8dcf-4128-9d2c-cfa9798b4374 ok
[296/647] 4c285b3a-f993-4fde-a586-c3145423484b ok
[297/647] 4ef1557a-81ad-4634-85b8-4c910c73a271 ok
[298/647] 422ee0d0-731a-4def-b5d5-34298cbc7c00 ok
[299/647] 56202f52-ee41-4649-a9e3-f0fe3c0382d8 ok
[300/647] 54cbb032-1785-4df1-ac6f-2137dba28d71 ok
[301/647] 4fe4e835-e3a2-453f-aa66-673573b33694 ok
[302/647] 56402c1c-9b34-4e9d-a977-46c3055c1a13 ok
[303/647] 5e4dfd84-5080-4ef3-9ac4-ca94b1ddedc2 ok
[304/647] 5fd13d6c-4e0a-4124-86b5-2cb2601d6633 ok
[305/647] 57cfce5e-ba2f-45cb-bb77-22810acd89e9 ok
[306/647] 60d2cf5e-5d04-491c-a7fc-08aac9a429ed ok
[307/647] 61367062-fb1c-454b-8342-1259d17aa2d8 ok
[308/647] 613a2f02-0927-4938-82b3-7054c7d65fd4 ok
[309/647] 68fa1bb4-de8d-4983-8a18-1bdae5c6b081 ok
[310/647] 6b63afdb-edbe-40ed-9bd2-4f0d65cfa0f4 ok
[311/647] 76ac2e40-1472-4ab5-8aa5-104acbeaecbc ok
[312/647] 7c047b43-064f-40cb-abbb-eb2fdf5a6bcd ok
[313/647] 7e54c6e0-b7e1-4cc2-8894-c24af0ea26e0 ok
[314/647] 7f6fcb67-c083-4c42-922b-87108d598a1c ok
[315/647] 7f035232-ef41-4e21-8e92-0559c18919ca ok
[316/647] 72715c01-0914-4e6a-8c93-1a04b52ba448 ok
[317/647] 815c01a2-6d60-4e96-a112-da9842a0f51a ok
[318/647] 8854429c-4a99-4289-8212-c35995392f6b ok
[319/647] 8862c792-0f3d-4939-8120-81db9a40a128 ok
[320/647] 8879cd7e-2ffa-406b-883c-80b0b8924020 ok
[321/647] 88e7f02a-0a89-47c4-a733-79adebe2b3b3 ok
[322/647] 9449c715-62f8-4dc4-ba78-f2103930ec6a ok
[323/647] 94240ffe-2f8c-4041-b60e-bb1df19c26e8 ok
[324/647] 947807e1-8f21-4869-99bd-1013d81bbe70 ok
[325/647] 946c3195-32c6-4c83-a98f-f4c1fb84084e ok
[326/647] 9aa38167-44c7-4c3c-a8fa-357278d198cc ok
[327/647] 91eac7bb-53e7-4cb9-a0e1-e6cc78962ccf ok
[328/647] 970ace45-b460-4178-81af-dee90a0806cf ok
[329/647] 9d209b6e-884e-42d9-9030-cb4ff1e3d13a ok
[330/647] a2b22e70-d646-4b0e-82a4-6c1f00f81e9d ok
[331/647] aa90ffd9-509a-4d7f-8319-ec66fe8fea1f ok
[332/647] b06fddd7-869e-4878-b25b-756d5628f21d ok
[333/647] ac6a2149-15fd-488d-a3dd-72749e463fe2 ok
[334/647] b09a35d2-df5d-4187-8f1a-16d58af9420b ok
[335/647] b2fb699e-5d08-40a8-9df3-e6042b4b6990 ok
[336/647] ad81b9ea-eddf-4b38-acda-652eacf402b5 ok
[337/647] b427f258-f220-478d-8473-4da402bcf121 ok
[338/647] b359eea1-c156-473f-ae5c-7b7d50d58b8f ok
[339/647] bb704284-8636-4248-9c10-b3debf602d44 ok
[340/647] bc7782e0-9734-4de3-8e2f-6db70fb8ef1e ok
[341/647] b45aec63-48dc-4267-b350-21e15cb8e2e2 ok
[342/647] bcfdb862-aac7-44ac-b32f-a28de071f923 ok
[343/647] bdbfabda-2ea3-4e88-a6e3-2155f6ced370 ok
[344/647] be365720-f695-46b3-a87e-026878a855f8 ok
[345/647] c3efe65b-1b37-49f9-983c-612852229b7b ok
[346/647] c1c77e5b-d8d1-4c09-9b41-06baef26fa33 ok
[347/647] c480de6b-e84b-4d32-a6c1-d17a6c81fd0f ok
[348/647] c987f9e9-0399-4727-9ed9-ff95210bf25f ok
[349/647] c30cc0b4-261a-4f4f-bdf7-ca90431aa579 ok
[350/647] cb37e175-67f6-416d-a955-e810cf699bd8 ok
[351/647] c5350296-25aa-4e01-8b6f-9faadab78b41 ok
[352/647] d60983fb-f7f3-4bcc-bd55-a9b753421e1a ok
[353/647] d7fa4e9a-37a1-4bc2-9733-88090b24f77a ok
[354/647] cebbd7c8-72e1-4d60-b615-411f702cb80b ok
[355/647] da55f4d6-dc96-4c2e-b885-3efd245c1c41 ok
[356/647] de7c4695-4a53-4bcf-8af9-9de3dc0e103f ok
[357/647] e1bc86c1-f190-457c-9926-0ff1ed983525 ok
[358/647] e1bfffc7-a12b-4331-a850-1730d50ed040 ok
[359/647] cbf20d7f-0ce2-4b52-a72a-9e982dc185f7 ok
[360/647] e1deb8f9-8ae7-45e8-bfaa-1d893e57675f ok
[361/647] e4b87872-c324-4cbd-b09d-06e75f91d763 ok
[362/647] e0431727-3f23-4814-84bc-dd4c2de54c6a ok
[363/647] e78f1c67-cede-4138-b7af-e8dd211d81b0 ok
[364/647] e6d647f8-3b65-4e2c-9ee4-d811440b42a9 ok
[365/647] ea6795ea-6021-4953-be01-afca0ae1a3e3 ok
[366/647] e7faaf6c-7059-41c0-b142-7cecb0c0fdf8 ok
[367/647] eead595d-1abe-46f1-b0e0-5a0402c4d806 ok
[368/647] f380384c-8c35-47bb-8681-5c28f5822bbc ok
[369/647] f16d2dff-5043-4374-9933-21340c74bdb9 ok
[370/647] fc54510e-0cb9-4ff1-b483-cd40d1af969c ok
[371/647] f5e78231-ffc0-4c0b-ae9d-5b278d6f9dc1 ok
[372/647] 0bb7af47-f8a4-4f32-9229-72bb1c4b001c ok
[373/647] 23d612d3-4aa0-4615-8bc7-33514d4ced39 ok
[374/647] 011adbed-2414-481e-84de-91f7d676928a ok
[375/647] 14a8a044-b487-44c4-8922-5554ec8bc6c3 ok
[376/647] 3bcc827b-4a46-4e8d-9588-805b33be182b ok
[377/647] 2d9bdb85-4851-47c2-bd9a-8d57ebc6569c ok
[378/647] 6d51abcd-5a5a-4d0a-896c-75f6fc1a65a5 ok
[379/647] 2f73670a-fdcd-4f17-87c9-274454cb965f ok
[380/647] 9ea19639-114b-4bb8-aeaa-e4e83f13e2d7 ok
[381/647] 4368e951-5588-4db0-9889-9b9e78e31190 ok
[382/647] aa6b090f-7c9e-41d9-96c0-ce0b5e59e6ef ok
[383/647] b156e8bb-1902-42da-b0d0-03b3dcfcc801 ok
[384/647] e64ea642-6a48-4ee4-97d9-58047f89d289 ok
[385/647] 8886d06f-46d6-4c42-86d3-15a825abe472 ok
[386/647] fc2d4f15-9557-412d-a3d8-6bfc55184399 ok
[387/647] 03d88e05-c8dc-4c9c-9bb3-6c1205f62ed2 ok
[388/647] 0be3781e-672d-4868-9dd8-5e7fb521fa4a ok
[389/647] 131525ae-1eaa-476a-ad79-e654a6d98302 ok
[390/647] 2d69c0d6-c04e-4464-a172-8b7b577c5d22 ok
[391/647] cb19ae86-be99-4f3d-a09a-97b57ab5ccdb ok
[392/647] 54b858fe-e9d5-48b3-a316-d040f2cb6dc2 ok
[393/647] 5531fe54-ef3b-40d8-a27b-411f274cf0eb ok
[394/647] f27137b7-49f7-426b-b5fa-6f761c44ba8b ok
[395/647] 5247e495-8813-4a34-9de4-203b131e4a99 ok
[396/647] 6a4c4dbb-bbc4-4b3b-8cd6-3e9625f4157c ok
[397/647] 6ced458c-c957-4435-bb1c-0dfd39c3d1cc ok
[398/647] 76a500e1-cfbd-433a-9a33-e2f92996a9cd ok
[399/647] 82685efd-bab2-4615-9fe0-d95bb444f21d ok
[400/647] 96f795ac-c2ac-4f47-90bf-bef52a7170ee ok
[401/647] 8b21a417-8540-4388-9c96-50bb52f3fefd ok
[402/647] ac786762-6d15-4a64-810f-5693b882e562 ok
[403/647] bf0530bd-0d16-4abe-921c-85679a5f4357 ok
[404/647] c55ada6a-66f1-486d-a19e-f5c33354511c ok
[405/647] 97119378-0329-4919-8b76-9b911535a179 ok
[406/647] d69fb319-534e-4702-80b2-e49a7b41f55a ok
[407/647] 9f759d8d-d27a-41b5-9c27-1022374aa116 ok
[408/647] 0bdfd994-fcf6-4527-b7a0-2d0221fd7483 ok
[409/647] 0c5ce867-c495-4ef8-9c07-6a6f0553db27 ok
[410/647] 0a086d53-b6e8-4bf7-ad41-5a0aeeb10312 ok
[411/647] 091bdbe7-6807-40de-8e18-6dd5df715386 ok
[412/647] 0f068251-86a2-49a7-9647-753d806926b4 ok
[413/647] 0d451aea-a5b4-42f6-91d3-9daa80eb7c83 ok
[414/647] 16685761-8ab5-4937-b1f6-def120217d96 ok
[415/647] 0f48df65-8e8c-4674-9c65-f800f7ffa1c3 ok
[416/647] 12f9e4da-5d69-4e9f-bdf5-876317aeaed8 ok
[417/647] 1d820e9c-02da-4351-939a-03ebf2988892 ok
[418/647] 25adc079-cd58-4dd4-a9e1-f15b8b9cc8f7 ok
[419/647] 267cbba6-f3a9-4de6-8fd6-0c793019a478 ok
[420/647] 276a7dd9-5adf-4507-ab19-04053b0cb3fa ok
[421/647] 16dfa414-a3db-4067-ad63-a08ec370c8b7 ok
[422/647] 2889a7b1-ad31-4fe0-8848-27efb0788e7c ok
[423/647] 34363e15-899d-429c-a490-1cd39d71349b ok
[424/647] 3ae137f6-ad5e-4a96-9466-f7a62b425b93 ok
[425/647] 46561ebf-01aa-4d9a-b00c-283d0107b8cd ok
[426/647] 3da28076-0c8d-40d1-be7f-dea968173711 ok
[427/647] 3ffac37b-e3e7-45e1-b003-87ae9a002aa2 ok
[428/647] 5491742c-7640-402b-bc6a-995740505792 ok
[429/647] 555941d3-52a9-47a9-9e01-16154afb5093 ok
[430/647] 56ea92bd-4ca3-4415-aa73-88da6053e5a6 ok
[431/647] 5e582638-b566-4c05-9270-ce1d54547e20 ok
[432/647] 53c69f21-e9bf-4b19-a648-876fed225053 ok
[433/647] 60e0f117-3691-4002-832d-4e91a2779026 ok
[434/647] 6275619c-6abe-4428-bba9-d5b62bac84ed ok
[435/647] 62ca3db2-798a-44e5-97b7-4865a27a1435 ok
[436/647] 6a8cde92-a5a6-453d-9e44-11fb1a4c1073 ok
[437/647] 6b497ade-b5db-4718-bb65-97f366b091c3 ok
[438/647] 69ddafe0-db43-4e2c-afab-2fb3b0edf138 ok
[439/647] 6a4cd89a-e548-4b49-8814-770510167ff4 ok
[440/647] 6c4b8a1c-01f7-4c6f-98f6-ca17bebd28bd ok
[441/647] 6bd46c7b-897d-4492-92f0-7d5128f61708 ok
[442/647] 7c925230-3900-4642-9282-9c905af8c5a3 ok
[443/647] 7c9b0022-b8d6-45d9-9ff5-80f6309aaa96 ok
[444/647] 8381c07e-5d6f-48be-984e-36660074a938 ok
[445/647] 83141511-f047-4093-ae6e-48be7a0300df ok
[446/647] 83869df4-1585-4ae2-a074-117e09907081 ok
[447/647] 84b534ea-fb8c-4335-828e-e31618f172c3 ok
[448/647] 84ffc0f9-7b29-426b-bbef-00593c6e2a3d ok
[449/647] 785dd3d8-895b-4377-ae5b-8c5fc9b64049 ok
[450/647] 87f995bd-4d25-4e74-93f1-c6a057b55edb ok
[451/647] 9088f92f-80fa-4de6-91a9-d9e2c8972303 ok
[452/647] 91e9fabe-e0f5-4341-9551-6c691ba6baf9 ok
[453/647] a2e81dd5-4693-486b-8d04-f7ffb3c5959c ok
[454/647] 845b6304-293a-46d5-9a94-6e1eb297a267 ok
[455/647] a8522e4c-e75e-4733-be9c-3d81d2bd3d9a ok
[456/647] a93432d2-4e9d-4597-aa6d-1f1f560cbe4a ok
[457/647] ae65126f-3fac-42f8-ab8b-71d0198d8234 ok
[458/647] a164d92e-802c-4de8-a3cd-d8c6de0a53c9 ok
[459/647] b2c45b1e-e1e5-42ad-8b9f-eb725626ac35 ok
[460/647] a4d2e560-2a53-4519-afa1-e48a1fb50b64 ok
[461/647] b3d37354-99a7-4d8d-8212-970b3ecfa52a ok
[462/647] b7ce8ded-4b1d-4980-9dcc-d6f2a1490df5 ok
[463/647] b24860d3-6c5c-462e-979e-b8f50fcf6aad ok
[464/647] bf1d39bf-c8b5-4aca-8607-22a084240802 ok
[465/647] c6e0caf4-62c0-4162-be67-8928fa8c1b3d ok
[466/647] b2e08839-f4b9-4497-a425-a12f2f7f7df4 ok
[467/647] cdc06453-2723-4031-8f27-408d3e34434d ok
[468/647] bd474fbf-a824-4876-bb06-4331cacf4f76 ok
[469/647] d5921e6f-ee89-44a7-b3b1-2830d0a144a2 ok
[470/647] d5fa959d-ff1c-48f7-9e5a-bf540f013a20 ok
[471/647] cc692379-95bb-4025-8911-e67a91703b4a ok
[472/647] dec5a951-a6ef-45a4-97af-c6fd9bf823c8 ok
[473/647] e05c94f5-92c1-4c19-8fac-e0141d8f309a ok
[474/647] e2df0b9e-7e9a-43fd-beee-2c8fbb4963f7 ok
[475/647] e43ec09f-4f6a-401c-90ce-042bc03a2619 ok
[476/647] d00a6838-8f2e-45d5-8eaf-71a30da4ba7d ok
[477/647] e5ac57af-668d-42e6-875c-152c47a6c5f0 ok
[478/647] eabb330c-3a02-473f-a39e-704449d3e6a4 ok
[479/647] d6d6bac7-94b7-4a06-bc8b-229dbaa5c19b ok
[480/647] ecf3423b-3d7d-4936-91a8-519987a5ee09 ok
[481/647] ee71c077-180e-4805-8db4-f530fca37609 ok
[482/647] eadaf939-f7eb-4721-9277-bc87afff1eae ok
[483/647] ecb312c3-53ea-4e36-8baf-8e59632b2348 ok
[484/647] f0d730a5-d915-4292-b177-49dd70cb9b2b ok
[485/647] eec6388d-eb5a-4b19-bc24-c66ec17e28d8 ok
[486/647] fea337e6-4942-4c9b-8247-e3035927b9dc ok
[487/647] fb255057-3c48-4458-bac1-f9c6d764e329 ok
[488/647] 024160df-6965-43fd-9029-c0f73a7fb7b4 ok
[489/647] fda80e6e-a1a8-4c6a-8035-8d7d90e67928 ok
[490/647] 09a65282-2e26-4e76-a2c5-f9ce46803b79 ok
[491/647] 0b2a7a9b-3224-4766-ad62-3cc073aa7f69 ok
[492/647] ffea85b4-6b99-42d1-8228-52d260ce0458 ok
[493/647] 072ec955-4f95-4b02-8b27-ea506cd7df09 ok
[494/647] 10163d8a-30e6-4777-9f7b-31ae77003431 ok
[495/647] 1d0ecc0f-6110-4319-b0a3-c022fc18a6a6 ok
[496/647] 1b523094-65ce-4104-b43c-eb948b0f483a ok
[497/647] 15f2e26c-6f03-46d1-b5af-d049f08679c2 ok
[498/647] 27ed9af0-8b87-4cce-9c25-8e1bdeb6d9d9 ok
[499/647] 2b669f0d-00f1-467a-b3ec-b429128b28b7 ok
[500/647] 2e750ac2-eac6-46fc-8943-c3ff74aec7d4 ok
[501/647] 268e6d5d-1895-4ffb-8d42-33aa0551a57b ok
[502/647] 35f34d40-ed9a-47a4-bb78-5abbc5f3e334 ok
[503/647] 3c2d1275-1d86-43c6-af64-e730edd0c3c6 ok
[504/647] 1d7f58c4-cf95-40f3-a542-3d43f202cd71 ok
[505/647] 433ce856-f3ce-4719-b13f-bfc029b9eeae ok
[506/647] 4453ba23-304b-4c0d-b7ce-de646d6d2aeb ok
[507/647] 56442c68-209e-4201-b59c-f2c40f8dfde0 ok
[508/647] 5672da5a-3828-4279-b61f-8ca01d80ee18 ok
[509/647] 55023d0c-5627-4899-81e1-81f424ca697c ok
[510/647] 5817d617-2d5d-474e-aa93-09b4f93657fc ok
[511/647] 5eb53dff-cb56-42da-9bd3-afdd347b2385 ok
[512/647] 5f5bbbe2-53ed-4344-babf-e97e60fd15eb ok
[513/647] 571c4083-6052-4025-b55f-71c116b81013 ok
[514/647] 625c3928-4c69-4cc3-b053-71f473bb4f3b ok
[515/647] 6026874a-e7f9-4116-919d-0329f35f5110 ok
[516/647] 585882bf-6644-4c78-8a14-246f4b0cfcac ok
[517/647] 6802533a-ab50-42e4-8c95-b062c03b56bb ok
[518/647] 7268e803-7703-4480-83b4-481fea119026 ok
[519/647] 75c73a33-7ab4-452e-86be-9cbd36cb34e5 ok
[520/647] 76f6d258-621a-4a86-bde0-719160ba852e ok
[521/647] 6be7905c-086f-481f-81ee-40909304c053 ok
[522/647] 7c269428-d6de-45b0-9439-7812823ff949 ok
[523/647] 84ddd6db-50f1-4e0f-9647-4d02131cf244 ok
[524/647] 97f608a1-d512-43ed-a3b1-421303f9f426 ok
[525/647] 9c1fe0b2-4442-4131-9fd1-30663227bc89 ok
[526/647] 8119a4bb-2e1f-467a-aff3-5c2d84601ca5 ok
[527/647] 95934156-f7b0-4dca-bbe2-709b7f185b79 ok
[528/647] 9eb348c7-f217-4992-81d8-ad3cc18121de ok
[529/647] 9d861d87-aba9-470a-b0da-b6f37fa4f961 ok
[530/647] a36e4a2c-b0dd-4b09-87ec-1f272ca580c5 ok
[531/647] a8e479c5-ad2b-4037-9538-1f42dad5041d ok
[532/647] adab1ceb-867d-4662-8340-e58c6d84fa93 ok
[533/647] b3cd117c-b8a6-40cb-926f-6def283f309b ok
[534/647] b86890de-83d7-415b-9238-cf1ef626a3e1 ok
[535/647] c61979a6-120e-46ef-b87c-99e04c43d361 ok
[536/647] c2d82cfe-17f5-49e0-b714-bc08007f8e1a ok
[537/647] d0573271-9838-4e7c-8c0b-b8890782908c ok
[538/647] d8d643ac-6b1f-4da6-965c-66b90721988b ok
[539/647] dc5977a0-dc3b-48b2-88e5-26aa665a2211 ok
[540/647] d84c4956-84bd-400f-824e-1145a754cd78 ok
[541/647] dff633d1-157a-46ad-93d1-9943bfb22f08 ok
[542/647] d7334558-0b8e-4f3f-aaaa-1dfdb08eacef ok
[543/647] dfaf7d86-d208-440c-9a59-419443f45215 ok
[544/647] e737e6a6-37b5-44cf-84e4-76929746f5d4 ok
[545/647] ea924576-13a4-4b9e-8a28-badf9d15ed9d ok
[546/647] eb455adf-b024-4918-a224-d6682c42ba55 ok
[547/647] ed1bae34-aad1-4e5a-bdb6-26b3c55ecd38 ok
[548/647] e413b767-959d-49e9-924c-585447d670c9 ok
[549/647] eb533b27-6173-4f8f-b414-5544405f6825 ok
[550/647] f76f729a-6bae-404b-bc67-ca1102240b7f ok
[551/647] f08c753c-7340-4bd1-9f7b-d7c695fb5d60 ok
[552/647] fb1eea45-c90b-4098-a102-754492fbf3e1 ok
[553/647] fbafc731-6ecc-4492-ade6-2fd786da312b ok
[554/647] 0480be88-e54f-4163-aa6a-9fdfe8283bb2 ok
[555/647] 06805cdd-9943-4ca8-b0e4-c277330b57bf ok
[556/647] 0c341ac2-2b37-4320-b9d4-400c95b8f48e ok
[557/647] 0d5bb3ad-11f3-4c75-ad0b-d8db6566f415 ok
[558/647] fa3a828d-f406-4826-8c99-29245cda91e6 ok
[559/647] 235f4210-b4c1-44fe-b172-a52af7012dfc ok
[560/647] 2c533bcc-b642-466b-93a7-814b6c80e64f ok
[561/647] 34c55e06-0d90-46e0-add3-04aec1322253 ok
[562/647] 3b872627-08ff-44b7-94e8-1f193de3684b ok
[563/647] 45dde9ad-2080-4593-bf88-2362d371e918 ok
[564/647] 5778699a-72c3-444d-b88c-583d4d900b87 ok
[565/647] 490460fb-1e51-4ace-81ae-02ac41e7282a ok
[566/647] 688c9d9d-3449-4577-98fe-3b3011585c89 ok
[567/647] 85de08f9-c9f6-4812-a5a9-23f97dd0c70c ok
[568/647] 7acc2f5d-de5f-4fac-b0d9-60c77712aaad ok
[569/647] 89159921-0d31-442a-871f-e4b5950c49df ok
[570/647] 8ca0b506-4095-4359-a8ef-18e91e51d6f9 ok
[571/647] 98296e53-29d3-4e37-8682-52c39433d68f ok
[572/647] a49065ff-b26e-4291-9194-cbca1e0de279 ok
[573/647] ce905d86-ab77-4b41-b016-6c7f901a35e5 ok
[574/647] eff90746-6806-43e1-9340-22c166efb5c8 ok
[575/647] d1a83bde-0c3c-43bc-9d17-a4ed063466b2 ok
[576/647] f4d5a5bc-553d-40e3-a76b-b211818992d9 ok
[577/647] 091ad642-8d07-4943-8d42-4c54f1baccee ok
[578/647] 16108770-e2d3-4544-a79b-0c473fc97512 ok
[579/647] 5f538f94-2737-417b-a017-98a06c22e755 ok
[580/647] 695c3eaf-56d9-4271-aa7a-80ba57080e9d ok
[581/647] 627130f7-0002-4785-9d7e-e9c87e313033 ok
[582/647] bfd2ad9a-b72e-4375-b23b-da809ff6c405 ok
[583/647] d3aebe6c-4a2c-4bb0-958d-155dad69341b ok
[584/647] cfda9bd3-85d9-4467-a58c-0d82af9e7597 ok
[585/647] eb17ac95-2836-4eeb-8539-d48be6d25873 ok
[586/647] eed578cd-4470-4a0a-a3c9-da88b8ce086e ok
[587/647] fcbdd86f-da4a-47ef-adeb-2a5166cb9c49 ok
[588/647] f34b18c7-48e7-4b6e-b8da-881fd426573f ok
[589/647] 0cb70482-ee24-4d51-a0b9-28fb1fbdce1f ok
[590/647] 0b8b4729-ec2a-4568-854e-6ebc1a11301e ok
[591/647] 078964f5-abf7-4cab-8f05-5010547e2326 ok
[592/647] 12c6ea13-9050-43cc-b250-2deb7c411426 ok
[593/647] 2b90abd5-dbc6-4656-a220-ebac0d61f1f3 ok
[594/647] 49a630f3-5dc1-4159-b2da-f4449f73c198 ok
[595/647] 1eea9c5d-ef0a-490b-a038-62a1ed687b45 ok
[596/647] 4dbe69e3-23a6-4440-89aa-9d78d1b6d3f3 ok
[597/647] 1fc0ff0f-99c1-4ef3-a747-3ef1c39ad40c ok
[598/647] 51f77036-a723-4a01-bee7-2f6d3b628858 ok
[599/647] 4cb6fe10-9668-477d-ad30-a50e25a354d6 ok
[600/647] 863b4bf7-a8eb-49bf-b7c4-20ac3a4ad6d1 ok
[601/647] 8709b744-6fe8-4bf0-84b0-6c8255976c56 ok
[602/647] 6790d353-bfb3-4ee6-b463-ca26e6d82c8e ok
[603/647] 70995c77-7d18-4c13-9d4d-31e1c65413a9 ok
[604/647] 9847b191-60b2-4bad-aa33-5fb56dec0185 ok
[605/647] a25979e5-37e6-49ce-bc43-812107fe4b52 ok
[606/647] 8ea06354-9847-4e63-9963-9b0181bf63b7 ok
[607/647] 92fc20da-84ee-4b26-b46f-eee85a605039 ok
[608/647] a77acf4c-0987-41e7-9264-ae2c365c0fd3 ok
[609/647] b1c1e977-0735-4d12-980b-1a5f7b5e504f ok
[610/647] ab5db8af-317b-40e9-884f-b16132123954 ok
[611/647] c57d9bb6-e073-4cb9-8efa-f4e3d8c5521d ok
[612/647] beb4fbe6-dc65-4c38-bb90-a38fbcbf5d91 ok
[613/647] c577ed66-6da8-43e5-aa80-b1d84f610506 ok
[614/647] f70c2ec4-2bc4-488f-84bd-ace682c267a6 ok
[615/647] fc7c15c1-38b9-4f54-8d95-90689a29808a ok
[616/647] e6c1c177-5355-4652-9ce1-95a27b230928 ok
[617/647] ed14b344-608b-4f8f-b0f0-614b1e8e0827 ok
[618/647] fef071c6-15a6-4699-b2ba-7501278b8b87 ok
[619/647] 5cd67507-bd3b-48a4-b9d4-1b9e476eaf73 ok
[620/647] 61f1ee62-2a0d-42f9-96fd-21fc0e8bd63d ok
[621/647] d67bbcf2-735b-4a3d-9cb1-28ed53a496e5 ok
[622/647] 9887413c-f414-49a5-9cf6-bdf9cf2251b4 ok
[623/647] fe8f8b29-06bc-4b09-a685-12838a6ee9f1 ok
[624/647] 1bcda55b-68d3-475c-930c-dc97a1fc916a ok
[625/647] 5c2dd5e2-35e1-4dd2-a2e5-4e7fd52c202a ok
[626/647] bb1e4e07-e732-4b70-a0ec-a71cc504b138 ok
[627/647] 5ff3a719-786b-4ae0-a9cd-3dea8fac3963 ok
[628/647] 67336525-9ee0-46d4-a3ff-b90323684606 ok
[629/647] f2966256-0cd8-4d98-a138-499d873650f1 ok
[630/647] 7dbfcf46-ad87-40f4-9db8-c198b6673e69 ok
[631/647] 8c50053b-e886-47b8-96fd-c6fd4137dee2 ok
[632/647] 88e642c9-35aa-4f79-8d2c-be9353fd4029 ok
[633/647] a58bad3a-383f-489f-9fa2-e94e7954d457 ok
[634/647] 934a7fac-03c3-40c0-9753-dc1afecee2df ok
[635/647] b8990d03-93cb-4008-93a4-20974a08efa2 ok
[636/647] b98fb9b1-6826-45e2-9a3e-5ab9001bc2a9 ok
[637/647] c221b4a8-802f-4a78-9ee3-4b6d47012473 ok
[638/647] cdf04df2-df84-4ad6-b4b4-f8b7f73ada75 ok
[639/647] c5d86d30-a67d-45b6-a81c-4cff14a8ac19 ok
[640/647] cf4f0518-5564-4df7-9f6d-58ea9e6147ec ok
[641/647] d29bfffb-b318-457f-93b3-fd129801eaf1 ok
[642/647] da7e26a6-6178-431c-a352-d686d214b51c ok
[643/647] db58ff07-e051-4fb3-a443-0fa3732d5d2c ok
[644/647] e219b0a7-2c41-481a-8e71-946f11a58d33 ok
[645/647] e840817e-fe01-415f-b809-a88f62003c18 ok
[646/647] ebeb498e-b17a-4b51-9364-57027b276a21 ok
[647/647] f120451b-8afe-40c5-b846-c25674532839 ok
EXTRACTION COMPLETE: 647 episodes, 9654 positive / 37243 negative sequences -> /home/eao/failure-prediction/data/derived/research1_development_v1-development-647/extraction_report.yaml
